[10:57:03] 200   155ms   16694B https://www.ss.com/lv/real-estate/flats/riga-region/sell/
[10:57:03] parser_zero_rows https://www.ss.com/lv/real-estate/flats/riga-region/sell/ (unverified slug)
[10:57:06] 200    37ms   79738B https://www.ss.com/lv/real-estate/flats/jurmala/sell/
[10:57:08] 200    20ms   24771B https://www.ss.com/lv/real-estate/flats/liepaja/sell/
[10:57:08] parser_zero_rows https://www.ss.com/lv/real-estate/flats/liepaja/sell/ (unverified slug)
[10:57:10] 200    17ms   24771B https://www.ss.com/lv/real-estate/flats/daugavpils/sell/
[10:57:10] parser_zero_rows https://www.ss.com/lv/real-estate/flats/daugavpils/sell/ (unverified slug)
[10:57:13] 200    19ms   24771B https://www.ss.com/lv/real-estate/flats/jelgava/sell/
[10:57:13] parser_zero_rows https://www.ss.com/lv/real-estate/flats/jelgava/sell/ (unverified slug)
[10:57:16] 200    22ms   24771B https://www.ss.com/lv/real-estate/flats/ogre/sell/
[10:57:16] parser_zero_rows https://www.ss.com/lv/real-estate/flats/ogre/sell/ (unverified slug)
[10:57:18] 302    26ms       0B https://www.ss.com/lv/real-estate/flats/riga/chiekurkalns/sell/page2.html
[10:57:21] 200    93ms   49707B https://www.ss.com/lv/real-estate/flats/riga/vecmilgravis/sell/page2.html
[10:57:24] 302    19ms       0B https://www.ss.com/lv/real-estate/flats/riga/bolderaya/sell/page2.html
[10:57:26] 302    21ms       0B https://www.ss.com/lv/real-estate/flats/riga/darzciems/sell/page2.html
[10:57:29] 200   116ms   50623B https://www.ss.com/lv/real-estate/flats/riga/maskavas-priekshpilseta/sell/page2.html
[10:57:31] 302    22ms       0B https://www.ss.com/lv/real-estate/flats/riga/tornjakalns/sell/page2.html
[10:57:33] 302    24ms       0B https://www.ss.com/lv/real-estate/flats/riga/grizinkalns/sell/page2.html
[10:57:35] 200    19ms   79859B https://www.ss.com/lv/real-estate/flats/jurmala/sell/page2.html
[10:57:38] 200   110ms   55215B https://www.ss.com/lv/real-estate/homes-summer-residences/riga-region/all/sell/page2.html
[10:57:41] 200    86ms   50496B https://www.ss.com/lv/real-estate/homes-summer-residences/jurmala/all/sell/page2.html
[10:57:43] 200   126ms   59435B https://www.ss.com/lv/transport/cars/audi/sell/page2.html
[10:57:46] 200   107ms   68252B https://www.ss.com/lv/transport/cars/volkswagen/sell/page2.html
[10:57:49] 200   127ms   86021B https://www.ss.com/lv/transport/cars/bmw/sell/page2.html
[10:57:51] 200   133ms   70652B https://www.ss.com/lv/transport/cars/mercedes/sell/page2.html
[10:57:53] 200   119ms   86623B https://www.ss.com/lv/transport/cars/toyota/sell/page2.html
[10:57:56] 200    96ms   55845B https://www.ss.com/lv/transport/cars/volvo/sell/page2.html
[10:57:58] 200    71ms   57822B https://www.ss.com/lv/transport/cars/opel/sell/page2.html
[10:58:00] 200   158ms   60238B https://www.ss.com/lv/transport/cars/ford/sell/page2.html
[10:58:03] 200   101ms   52096B https://www.ss.com/lv/transport/cars/skoda/sell/page2.html
[10:58:06] 200    10ms   56724B https://www.ss.com/lv/transport/cars/renault/sell/page2.html
[10:58:08] 200     9ms   57138B https://www.ss.com/lv/transport/cars/peugeot/sell/page2.html
[10:58:11] 200    71ms   50295B https://www.ss.com/lv/transport/cars/honda/sell/page2.html
[10:58:13] 200    87ms   57615B https://www.ss.com/lv/transport/cars/nissan/sell/page2.html
[10:58:16] 200    71ms   53587B https://www.ss.com/lv/transport/cars/mazda/sell/page2.html
[10:58:18] 200    88ms   56405B https://www.ss.com/lv/transport/cars/hyundai/sell/page2.html
[10:58:21] 200    90ms   52645B https://www.ss.com/lv/transport/cars/kia/sell/page2.html
[10:58:23] 200    93ms   55972B https://www.ss.com/lv/transport/cars/citroen/sell/page2.html
[10:58:25] 200    63ms   52227B https://www.ss.com/lv/transport/cars/lexus/sell/page2.html
[10:58:28] 200    12ms   55066B https://www.ss.com/lv/transport/cars/mitsubishi/sell/page2.html
[10:58:30] 200    69ms   51610B https://www.ss.com/lv/transport/cars/subaru/sell/page2.html
[10:58:32] 200    66ms   51989B https://www.ss.com/lv/transport/cars/seat/sell/page2.html
[10:58:35] 200   138ms   52596B https://www.ss.com/lv/transport/cars/fiat/sell/page2.html
[10:58:37] 200    62ms   53711B https://www.ss.com/lv/transport/cars/land-rover/sell/page2.html
[10:58:40] 200    10ms   52246B https://www.ss.com/lv/transport/cars/porsche/sell/page2.html
[10:58:42] 200   126ms   45943B https://www.ss.com/lv/transport/cars/tesla/sell/page2.html
[10:58:45] 200    51ms   42216B https://www.ss.com/lv/home-stuff/furniture-interior/chairs/sell/page2.html
[10:58:48] 200    59ms   43064B https://www.ss.com/lv/home-stuff/furniture-interior/carpets/sell/page2.html
[10:58:50] 200    71ms   45072B https://www.ss.com/lv/home-stuff/furniture-interior/sofas/sell/page2.html
[10:58:53] 200    65ms   44535B https://www.ss.com/lv/home-stuff/furniture-interior/tables/sell/page2.html
[10:58:55] 200    69ms   43227B https://www.ss.com/lv/home-stuff/furniture-interior/lusters-sconces/sell/page2.html
[10:58:58] 200   292ms   43079B https://www.ss.com/lv/home-stuff/furniture-interior/mirrors/sell/page2.html
[10:59:00] 200    93ms   53190B https://www.ss.com/lv/real-estate/flats/riga/centre/sell/page3.html
[10:59:03] 200   151ms   49892B https://www.ss.com/lv/real-estate/flats/riga/purvciems/sell/page3.html
[10:59:05] 200   100ms   49569B https://www.ss.com/lv/real-estate/flats/riga/plyavnieki/sell/page3.html
[10:59:08] 200    92ms   49175B https://www.ss.com/lv/real-estate/flats/riga/teika/sell/page3.html
[10:59:10] 200    88ms   49167B https://www.ss.com/lv/real-estate/flats/riga/imanta/sell/page3.html
[10:59:13] 200    90ms   32449B https://www.ss.com/lv/real-estate/flats/riga/ziepniekkalns/sell/page3.html
[10:59:16] 200   101ms   49273B https://www.ss.com/lv/real-estate/flats/riga/kengarags/sell/page3.html
[10:59:18] 200    83ms   32764B https://www.ss.com/lv/real-estate/flats/riga/yugla/sell/page3.html
[10:59:21] 200    87ms   23202B https://www.ss.com/lv/real-estate/flats/riga/mezhciems/sell/page3.html
[10:59:24] 200   100ms   50764B https://www.ss.com/lv/real-estate/flats/riga/agenskalns/sell/page3.html
[10:59:26] 302    25ms       0B https://www.ss.com/lv/real-estate/flats/riga/zolitude/sell/page3.html
[10:59:28] 200    76ms   29176B https://www.ss.com/lv/real-estate/flats/riga/ilguciems/sell/page3.html
[10:59:31] 302    23ms       0B https://www.ss.com/lv/real-estate/flats/riga/sarkandaugava/sell/page3.html
[10:59:33] 302    20ms       0B https://www.ss.com/lv/real-estate/flats/riga/chiekurkalns/sell/page3.html
[10:59:36] 302    19ms       0B https://www.ss.com/lv/real-estate/flats/riga/vecmilgravis/sell/page3.html
[10:59:38] 302    21ms       0B https://www.ss.com/lv/real-estate/flats/riga/bolderaya/sell/page3.html
[10:59:41] 302    21ms       0B https://www.ss.com/lv/real-estate/flats/riga/darzciems/sell/page3.html
[10:59:43] 200   110ms   37924B https://www.ss.com/lv/real-estate/flats/riga/maskavas-priekshpilseta/sell/page3.html
[10:59:45] 302    35ms       0B https://www.ss.com/lv/real-estate/flats/riga/tornjakalns/sell/page3.html
[10:59:48] 302    23ms       0B https://www.ss.com/lv/real-estate/flats/riga/grizinkalns/sell/page3.html
[10:59:50] 200    20ms   80048B https://www.ss.com/lv/real-estate/flats/jurmala/sell/page3.html
[10:59:53] 200    87ms   55254B https://www.ss.com/lv/real-estate/homes-summer-residences/riga-region/all/sell/page3.html
[10:59:56] 200    90ms   50442B https://www.ss.com/lv/real-estate/homes-summer-residences/jurmala/all/sell/page3.html
[10:59:59] 200    60ms   42500B https://www.ss.com/lv/home-stuff/furniture-interior/chairs/sell/page3.html
[11:00:01] 200    87ms   43335B https://www.ss.com/lv/home-stuff/furniture-interior/carpets/sell/page3.html
[11:00:04] 200    73ms   45006B https://www.ss.com/lv/home-stuff/furniture-interior/sofas/sell/page3.html
[11:00:07] 200   137ms   44275B https://www.ss.com/lv/home-stuff/furniture-interior/tables/sell/page3.html
[11:00:10] 200    65ms   43290B https://www.ss.com/lv/home-stuff/furniture-interior/lusters-sconces/sell/page3.html
[11:00:12] 200    49ms   43097B https://www.ss.com/lv/home-stuff/furniture-interior/mirrors/sell/page3.html
[11:00:14] 200   257ms   55018B https://www.ss.com/lv/real-estate/homes-summer-residences/riga-region/all/sell/page4.html
[11:00:17] 200   113ms   50382B https://www.ss.com/lv/real-estate/homes-summer-residences/jurmala/all/sell/page4.html
[11:00:19] 200   102ms   55191B https://www.ss.com/lv/real-estate/homes-summer-residences/riga-region/all/sell/page5.html
[11:00:22] 200   102ms   50412B https://www.ss.com/lv/real-estate/homes-summer-residences/jurmala/all/sell/page5.html
[11:00:22] list stage: 146 pages, 3920 candidate rows
[11:00:24] 200     7ms   38371B https://www.ss.com/msg/lv/real-estate/flats/riga/centre/aogxm.html
[11:00:27] 200    10ms   38906B https://www.ss.com/msg/lv/real-estate/homes-summer-residences/riga-region/kekavas-pag/plakanciems/aoxli.html
[11:00:30] 200    11ms   36382B https://www.ss.com/msg/lv/transport/cars/audi/a6/bjchok.html
[11:00:33] 200    27ms   17180B https://www.ss.com/msg/lv/home-stuff/furniture-interior/chairs/pohxo.html
[11:00:36] 200    22ms   41962B https://www.ss.com/msg/lv/real-estate/flats/riga/centre/abcmx.html
[11:00:38] 200     9ms   36187B https://www.ss.com/msg/lv/real-estate/homes-summer-residences/riga-region/incukalna-nov/eglupe/hmmbc.html
[11:00:40] 200    11ms   36413B https://www.ss.com/msg/lv/transport/cars/audi/q5/cgcicd.html
[11:00:43] 200    25ms   19975B https://www.ss.com/msg/lv/home-stuff/furniture-interior/chairs/bgoffl.html
[11:00:45] 200    36ms   37263B https://www.ss.com/msg/lv/real-estate/flats/riga/centre/bcilib.html
[11:00:48] 200    32ms   22800B https://www.ss.com/msg/lv/real-estate/homes-summer-residences/riga-region/saulkrasti/aabxi.html
[11:00:50] 200    18ms   45940B https://www.ss.com/msg/lv/transport/cars/audi/a6/hhlkj.html
[11:00:53] 200    30ms   23826B https://www.ss.com/msg/lv/home-stuff/furniture-interior/chairs/celnkf.html
[11:00:55] 200    12ms   36099B https://www.ss.com/msg/lv/real-estate/flats/riga/centre/gnefj.html
[11:00:58] 200     7ms   46205B https://www.ss.com/msg/lv/real-estate/homes-summer-residences/riga-region/babites-pag/pinki/goxje.html
[11:01:00] 200     8ms   29211B https://www.ss.com/msg/lv/transport/cars/audi/a6/bkkpxo.html
[11:01:03] 200    27ms   17516B https://www.ss.com/msg/lv/home-stuff/furniture-interior/chairs/cxicx.html
[11:01:06] 200    35ms   45087B https://www.ss.com/msg/lv/real-estate/flats/riga/centre/ajpcj.html
[11:01:08] 200     8ms   44405B https://www.ss.com/msg/lv/real-estate/homes-summer-residences/riga-region/babites-pag/pinki/ejnpj.html
[11:01:11] 200    11ms   44971B https://www.ss.com/msg/lv/transport/cars/audi/a6/cgmcl.html
[11:01:14] 200    66ms   19248B https://www.ss.com/msg/lv/home-stuff/furniture-interior/chairs/beimoc.html
[11:01:16] 200    34ms   28406B https://www.ss.com/msg/lv/real-estate/flats/riga/centre/becooe.html
[11:01:18] 200    11ms   28012B https://www.ss.com/msg/lv/real-estate/homes-summer-residences/riga-region/garkalnes-nov/bukulti/mkblc.html
[11:01:21] 200     8ms   31900B https://www.ss.com/msg/lv/transport/cars/audi/a6/bihcgl.html
[11:01:23] 200     8ms   24833B https://www.ss.com/msg/lv/home-stuff/furniture-interior/chairs/bfxnih.html
[11:01:25] 200    11ms   41042B https://www.ss.com/msg/lv/real-estate/flats/riga/centre/bdpgkx.html
[11:01:27] 200     7ms   23903B https://www.ss.com/msg/lv/real-estate/homes-summer-residences/riga-region/olaines-pag/rajumi/bcpeem.html
[11:01:30] 200     7ms   48150B https://www.ss.com/msg/lv/transport/cars/audi/allroad/bpnoch.html
[11:01:33] 200    30ms   17094B https://www.ss.com/msg/lv/home-stuff/furniture-interior/chairs/adccg.html
[11:01:36] 200   122ms   27431B https://www.ss.com/msg/lv/real-estate/flats/riga/centre/bcmffi.html
[11:01:38] 200    11ms   38086B https://www.ss.com/msg/lv/real-estate/homes-summer-residences/riga-region/sigulda/dclid.html
[11:01:41] 200    11ms   47557B https://www.ss.com/msg/lv/transport/cars/audi/q5/cdgpcd.html
[11:01:44] 200    35ms   22613B https://www.ss.com/msg/lv/home-stuff/furniture-interior/chairs/bhmxgd.html
[11:01:46] 200    10ms   38712B https://www.ss.com/msg/lv/real-estate/flats/riga/centre/becgnx.html
[11:01:49] 200    42ms   43817B https://www.ss.com/msg/lv/real-estate/homes-summer-residences/riga-region/garkalnes-nov/baltezers/doxdi.html
[11:01:52] 200     8ms   30819B https://www.ss.com/msg/lv/transport/cars/audi/a6/bjhiig.html
[11:01:55] 200    31ms   23914B https://www.ss.com/msg/lv/home-stuff/furniture-interior/chairs/bidilx.html
[11:01:57] 200    12ms   37327B https://www.ss.com/msg/lv/real-estate/flats/riga/centre/cjejf.html
[11:01:59] 200     7ms   38352B https://www.ss.com/msg/lv/real-estate/homes-summer-residences/riga-region/babites-pag/pinki/abgno.html
[11:02:02] 200    80ms   48079B https://www.ss.com/msg/lv/transport/cars/audi/a4/bfmcx.html
[11:02:06] 200  1611ms   22135B https://www.ss.com/msg/lv/home-stuff/furniture-interior/chairs/bemxlb.html
[11:02:07] 200    20ms   34514B https://www.ss.com/msg/lv/real-estate/flats/riga/centre/bcpbb.html
[11:02:10] 200    41ms   39797B https://www.ss.com/msg/lv/real-estate/homes-summer-residences/riga-region/garkalnes-nov/priedkalne/keend.html
[11:02:12] 200    32ms   30162B https://www.ss.com/msg/lv/transport/cars/audi/a4/bjplgl.html
[11:02:14] 200    36ms   24431B https://www.ss.com/msg/lv/home-stuff/furniture-interior/chairs/ddgfj.html
[11:02:17] 200    36ms   33296B https://www.ss.com/msg/lv/real-estate/flats/riga/centre/hdpbb.html
[11:02:20] 200    12ms   33687B https://www.ss.com/msg/lv/real-estate/homes-summer-residences/riga-region/babites-pag/mezares/ejlmk.html
[11:02:23] 200     7ms   53056B https://www.ss.com/msg/lv/transport/cars/audi/e-tron/cgiblc.html
[11:02:25] 200    25ms   25364B https://www.ss.com/msg/lv/home-stuff/furniture-interior/chairs/bnxoii.html
[11:02:28] 200    88ms   37616B https://www.ss.com/msg/lv/real-estate/flats/riga/centre/bcbcgl.html
[11:02:30] 200    38ms   27334B https://www.ss.com/msg/lv/real-estate/homes-summer-residences/riga-region/saulkrastu-l-t/zvejniekciems/jgfbe.html
[11:02:32] 200    63ms   28527B https://www.ss.com/msg/lv/transport/cars/audi/a4/fbxbj.html
[11:02:35] 200   105ms   23733B https://www.ss.com/msg/lv/home-stuff/furniture-interior/chairs/bnlxnb.html
[11:02:37] 200    38ms   43998B https://www.ss.com/msg/lv/real-estate/flats/riga/centre/bebjol.html
[11:02:40] 200    11ms   49573B https://www.ss.com/msg/lv/real-estate/homes-summer-residences/riga-region/marupes-pag/marupe/abfeg.html
[11:02:43] 200     9ms   40626B https://www.ss.com/msg/lv/transport/cars/audi/e-tron/cgffbi.html
[11:02:45] 200    33ms   24458B https://www.ss.com/msg/lv/home-stuff/furniture-interior/chairs/cbhdok.html
[11:02:48] 200    37ms   41790B https://www.ss.com/msg/lv/real-estate/flats/riga/centre/befhmp.html
[11:02:51] 200    11ms   41825B https://www.ss.com/msg/lv/real-estate/homes-summer-residences/riga-region/olaines-pag/stunisi/cloek.html
[11:02:53] 200     9ms   36942B https://www.ss.com/msg/lv/transport/cars/audi/a6/bfcogp.html
[11:02:56] 200    31ms   17182B https://www.ss.com/msg/lv/home-stuff/furniture-interior/chairs/cbhihi.html
[11:02:59] 200     8ms   34108B https://www.ss.com/msg/lv/real-estate/flats/riga/centre/flixg.html
[11:03:01] 200    39ms   26642B https://www.ss.com/msg/lv/real-estate/homes-summer-residences/riga-region/sejas-nov/seja/ebhco.html
[11:03:04] 200    12ms   42530B https://www.ss.com/msg/lv/transport/cars/audi/a5/cgpche.html
[11:03:06] 200    32ms   17237B https://www.ss.com/msg/lv/home-stuff/furniture-interior/chairs/bknhnd.html
[11:03:09] 200    37ms   25795B https://www.ss.com/msg/lv/real-estate/flats/riga/centre/bcnpc.html
[11:03:11] 200    15ms   34550B https://www.ss.com/msg/lv/real-estate/homes-summer-residences/riga-region/babites-pag/spilve/exfhn.html
[11:03:14] 200     9ms   39107B https://www.ss.com/msg/lv/transport/cars/audi/q5/ccgmmj.html
[11:03:17] 200    27ms   17425B https://www.ss.com/msg/lv/home-stuff/furniture-interior/chairs/beilnp.html
[11:03:19] 200    38ms   28709B https://www.ss.com/msg/lv/real-estate/flats/riga/centre/agkkl.html
[11:03:21] 200    60ms   49679B https://www.ss.com/msg/lv/real-estate/homes-summer-residences/riga-region/garkalnes-nov/bergi/ojohj.html
[11:03:24] 200    16ms   43912B https://www.ss.com/msg/lv/transport/cars/audi/a6/fpfli.html
[11:03:27] 200    30ms   21725B https://www.ss.com/msg/lv/home-stuff/furniture-interior/chairs/bhoojd.html
[11:03:30] 200    38ms   28351B https://www.ss.com/msg/lv/real-estate/flats/riga/centre/bejxpd.html
[11:03:33] 200    33ms   23805B https://www.ss.com/msg/lv/real-estate/homes-summer-residences/riga-region/olaines-pag/janupe/cgedjx.html
[11:03:36] 200  1098ms   32048B https://www.ss.com/msg/lv/transport/cars/audi/a6/cbboo.html
[11:03:37] 200    23ms   19057B https://www.ss.com/msg/lv/home-stuff/furniture-interior/chairs/bnxijp.html
[11:03:40] 200    34ms   37470B https://www.ss.com/msg/lv/real-estate/flats/riga/centre/eclok.html
[11:03:42] 200    40ms   46694B https://www.ss.com/msg/lv/real-estate/homes-summer-residences/riga-region/babites-pag/dzilnuciems/fxfnl.html
[11:03:44] 200    32ms   37269B https://www.ss.com/msg/lv/transport/cars/audi/a3/bfinj.html
[11:03:47] 200    34ms   26386B https://www.ss.com/msg/lv/home-stuff/furniture-interior/chairs/bxcxne.html
[11:03:50] 200    41ms   37165B https://www.ss.com/msg/lv/real-estate/flats/riga/centre/bfckgb.html
[11:03:52] 200    40ms   27656B https://www.ss.com/msg/lv/real-estate/homes-summer-residences/riga-region/marupes-pag/marupe/eddjk.html
[11:03:55] 200     9ms   43778B https://www.ss.com/msg/lv/transport/cars/audi/a4/bjiofg.html
[11:03:58] 200   382ms   22403B https://www.ss.com/msg/lv/home-stuff/furniture-interior/chairs/bldxck.html
[11:04:00] 200    33ms   38871B https://www.ss.com/msg/lv/real-estate/flats/riga/centre/bedoob.html
[11:04:03] 200     7ms   49763B https://www.ss.com/msg/lv/real-estate/homes-summer-residences/riga-region/saulkrasti/agfpf.html
[11:04:05] 200   140ms   44142B https://www.ss.com/msg/lv/transport/cars/audi/allroad/bpfhkg.html
[11:04:07] 200    26ms   20358B https://www.ss.com/msg/lv/home-stuff/furniture-interior/chairs/bekpbh.html
[11:04:10] 200    46ms   39679B https://www.ss.com/msg/lv/real-estate/flats/riga/centre/aggjl.html
[11:04:12] 200     8ms   31821B https://www.ss.com/msg/lv/real-estate/homes-summer-residences/riga-region/sigulda/degop.html
[11:04:14] 200     9ms   38737B https://www.ss.com/msg/lv/transport/cars/audi/q5/cckkdo.html
[11:04:17] 200    28ms   25512B https://www.ss.com/msg/lv/home-stuff/furniture-interior/chairs/jpxel.html
[11:04:19] 200    33ms   20869B https://www.ss.com/msg/lv/real-estate/flats/riga/centre/becnxk.html
[11:04:22] 200    38ms   40555B https://www.ss.com/msg/lv/real-estate/homes-summer-residences/riga-region/garkalnes-nov/sunisi/aixpf.html
[11:04:24] 200     9ms   30106B https://www.ss.com/msg/lv/transport/cars/audi/a6/dexie.html
[11:04:26] 200    36ms   17367B https://www.ss.com/msg/lv/home-stuff/furniture-interior/chairs/lbioc.html
[11:04:29] 200    41ms   20716B https://www.ss.com/msg/lv/real-estate/flats/riga/centre/gebgd.html
[11:04:32] 200    40ms   45256B https://www.ss.com/msg/lv/real-estate/homes-summer-residences/riga-region/garkalnes-nov/upesciems/bblil.html
[11:04:34] 200     7ms   50532B https://www.ss.com/msg/lv/transport/cars/audi/q5/cgnbie.html
[11:04:37] 200    27ms   17556B https://www.ss.com/msg/lv/home-stuff/furniture-interior/chairs/ldmxl.html
[11:04:39] 200    11ms   32306B https://www.ss.com/msg/lv/real-estate/flats/riga/centre/bfcdnp.html
[11:04:42] 200    37ms   38458B https://www.ss.com/msg/lv/real-estate/homes-summer-residences/riga-region/ropazu-nov/silakrogs/nkkbp.html
[11:04:44] 200    41ms   38546B https://www.ss.com/msg/lv/transport/cars/audi/a3/bjgoex.html
[11:04:46] 200    32ms   17506B https://www.ss.com/msg/lv/home-stuff/furniture-interior/chairs/bcfmel.html
[11:04:49] 200    38ms   24450B https://www.ss.com/msg/lv/real-estate/flats/riga/centre/deiop.html
[11:04:51] 200    33ms   31503B https://www.ss.com/msg/lv/real-estate/homes-summer-residences/riga-region/saulkrasti/hxlge.html
[11:04:54] 200    40ms   48452B https://www.ss.com/msg/lv/transport/cars/audi/allroad/cghibb.html
[11:04:56] 200    29ms   17549B https://www.ss.com/msg/lv/home-stuff/furniture-interior/chairs/bdefic.html
[11:04:59] 200     9ms   26229B https://www.ss.com/msg/lv/real-estate/flats/riga/centre/ahjkh.html
[11:05:01] 200    11ms   35077B https://www.ss.com/msg/lv/real-estate/homes-summer-residences/riga-region/saulkrasti/exbxn.html
[11:05:03] 200    43ms   48452B https://www.ss.com/msg/lv/transport/cars/audi/allroad/cddebb.html
[11:05:06] 200    36ms   17912B https://www.ss.com/msg/lv/home-stuff/furniture-interior/chairs/dfobn.html
[11:05:09] 200    46ms   44986B https://www.ss.com/msg/lv/real-estate/flats/riga/centre/dffpb.html
[11:05:11] 200    33ms   40067B https://www.ss.com/msg/lv/real-estate/homes-summer-residences/riga-region/marupes-pag/marupe/andcb.html
[11:05:13] 200    46ms   47253B https://www.ss.com/msg/lv/transport/cars/audi/allroad/ccifni.html
[11:05:16] 200   121ms   17073B https://www.ss.com/msg/lv/home-stuff/furniture-interior/chairs/bdefid.html
[11:05:19] 200     8ms   26985B https://www.ss.com/msg/lv/real-estate/flats/riga/centre/bepddl.html
[11:05:21] 200     8ms   30290B https://www.ss.com/msg/lv/real-estate/homes-summer-residences/riga-region/stopinu-nov/dzidrinas/bhcgh.html
[11:05:24] 200    44ms   48727B https://www.ss.com/msg/lv/transport/cars/audi/allroad/bjkpki.html
[11:05:26] 200    35ms   17473B https://www.ss.com/msg/lv/home-stuff/furniture-interior/chairs/biljph.html
[11:05:28] 200     5ms   25398B https://www.ss.com/msg/lv/real-estate/flats/riga/purvciems/alhge.html
[11:05:31] 200    28ms   40165B https://www.ss.com/msg/lv/real-estate/homes-summer-residences/jurmala/melluzi/hjfpb.html
[11:05:34] 200   816ms   25628B https://www.ss.com/msg/lv/transport/cars/volkswagen/sharan/ekemm.html
[11:05:36] 200    24ms   17549B https://www.ss.com/msg/lv/home-stuff/furniture-interior/carpets/bjjmxo.html
[11:05:39] 200    33ms   33347B https://www.ss.com/msg/lv/real-estate/flats/riga/purvciems/aemdn.html
[11:05:41] 200    37ms   39474B https://www.ss.com/msg/lv/real-estate/homes-summer-residences/jurmala/melluzi/bdiei.html
[11:05:43] 200     9ms   44789B https://www.ss.com/msg/lv/transport/cars/volkswagen/golf-plus/bphjnp.html
[11:05:46] 200    31ms   17429B https://www.ss.com/msg/lv/home-stuff/furniture-interior/carpets/bhpfdo.html
[11:05:48] 200    32ms   26247B https://www.ss.com/msg/lv/real-estate/flats/riga/purvciems/hddnp.html
[11:05:51] 200     8ms   45716B https://www.ss.com/msg/lv/real-estate/homes-summer-residences/jurmala/bulduri/jfcxb.html
[11:05:54] 200     7ms   34123B https://www.ss.com/msg/lv/transport/cars/volkswagen/caddy/bhpmh.html
[11:05:56] 200    28ms   17492B https://www.ss.com/msg/lv/home-stuff/furniture-interior/carpets/bbdhbl.html
[11:05:59] 200   112ms   30868B https://www.ss.com/msg/lv/real-estate/flats/riga/purvciems/ainxg.html
[11:06:01] 200     8ms   34981B https://www.ss.com/msg/lv/real-estate/homes-summer-residences/jurmala/majori/dmeje.html
[11:06:04] 200     7ms   35323B https://www.ss.com/msg/lv/transport/cars/volkswagen/passat-b7/bncceg.html
[11:06:07] 200    35ms   19530B https://www.ss.com/msg/lv/home-stuff/furniture-interior/carpets/cefleo.html
[11:06:10] 200    40ms   31149B https://www.ss.com/msg/lv/real-estate/flats/riga/purvciems/hxnxd.html
[11:06:12] 200    18ms   38761B https://www.ss.com/msg/lv/real-estate/homes-summer-residences/jurmala/dzintari/cpoen.html
[11:06:15] 200    43ms   31071B https://www.ss.com/msg/lv/transport/cars/volkswagen/multivan/eejhl.html
[11:06:17] 200    31ms   19371B https://www.ss.com/msg/lv/home-stuff/furniture-interior/carpets/cekgxg.html
[11:06:19] 200    39ms   24797B https://www.ss.com/msg/lv/real-estate/flats/riga/purvciems/hhekx.html
[11:06:22] 200     8ms   36907B https://www.ss.com/msg/lv/real-estate/homes-summer-residences/jurmala/dzintari/ndmmi.html
[11:06:24] 200    32ms   30798B https://www.ss.com/msg/lv/transport/cars/volkswagen/passat-b5/njhic.html
[11:06:27] 200    28ms   17358B https://www.ss.com/msg/lv/home-stuff/furniture-interior/carpets/bjkphe.html
[11:06:30] 200    84ms   24922B https://www.ss.com/msg/lv/real-estate/flats/riga/purvciems/acblp.html
[11:06:32] 200   110ms   35841B https://www.ss.com/msg/lv/real-estate/homes-summer-residences/jurmala/dubulti/cgnnjg.html
[11:06:34] 200     9ms   32976B https://www.ss.com/msg/lv/transport/cars/volkswagen/golf-5/fflbm.html
[11:06:37] 200    84ms   17338B https://www.ss.com/msg/lv/home-stuff/furniture-interior/carpets/bkipfk.html
[11:06:40] 200    12ms   27534B https://www.ss.com/msg/lv/real-estate/flats/riga/purvciems/aiemc.html
[11:06:42] 200     7ms   39358B https://www.ss.com/msg/lv/real-estate/homes-summer-residences/jurmala/melluzi/bbcxcx.html
[11:06:45] 200    38ms   28885B https://www.ss.com/msg/lv/transport/cars/volkswagen/polo/behogo.html
[11:06:48] 200    27ms   17348B https://www.ss.com/msg/lv/home-stuff/furniture-interior/carpets/ejlcp.html
[11:06:50] 200    30ms   24527B https://www.ss.com/msg/lv/real-estate/flats/riga/purvciems/elcxp.html
[11:06:52] 200    19ms   31605B https://www.ss.com/msg/lv/real-estate/homes-summer-residences/jurmala/bulduri/fxnhe.html
[11:06:54] 200     7ms   32547B https://www.ss.com/msg/lv/transport/cars/volkswagen/caddy/bhnbnd.html
[11:06:57] 200    13ms   19159B https://www.ss.com/msg/lv/home-stuff/furniture-interior/carpets/bleflb.html
[11:06:59] 200    15ms   31556B https://www.ss.com/msg/lv/real-estate/flats/riga/purvciems/olmnd.html
[11:07:01] 200     9ms   46690B https://www.ss.com/msg/lv/real-estate/homes-summer-residences/jurmala/lielupe/bgxgpb.html
[11:07:04] 200    44ms   40587B https://www.ss.com/msg/lv/transport/cars/volkswagen/golf-8/cfjnkf.html
[11:07:06] 200    30ms   19143B https://www.ss.com/msg/lv/home-stuff/furniture-interior/carpets/bjfndk.html
[11:07:09] 200    41ms   37911B https://www.ss.com/msg/lv/real-estate/flats/riga/purvciems/ghxbb.html
[11:07:11] 200     7ms   22523B https://www.ss.com/msg/lv/real-estate/homes-summer-residences/jurmala/melluzi/beekoc.html
[11:07:14] 200    39ms   28993B https://www.ss.com/msg/lv/transport/cars/volkswagen/polo/bfxhed.html
[11:07:16] 200    24ms   19165B https://www.ss.com/msg/lv/home-stuff/furniture-interior/carpets/bbxlkl.html
[11:07:18] 200     8ms   25798B https://www.ss.com/msg/lv/real-estate/flats/riga/purvciems/fefpe.html
[11:07:21] 200    10ms   41692B https://www.ss.com/msg/lv/real-estate/homes-summer-residences/jurmala/kauguri/gcenk.html
[11:07:23] 200     6ms   29092B https://www.ss.com/msg/lv/transport/cars/volkswagen/golf-4/ohjxk.html
[11:07:26] 200    30ms   18730B https://www.ss.com/msg/lv/home-stuff/furniture-interior/carpets/cfcioh.html
[11:07:28] 200     8ms   26816B https://www.ss.com/msg/lv/real-estate/flats/riga/purvciems/cppxg.html
[11:07:31] 200    11ms   50530B https://www.ss.com/msg/lv/real-estate/homes-summer-residences/jurmala/asari/bdfixx.html
[11:07:33] 200     9ms   31231B https://www.ss.com/msg/lv/transport/cars/volkswagen/passat-b8/bopffg.html
[11:07:37] 200  1121ms   17402B https://www.ss.com/msg/lv/home-stuff/furniture-interior/carpets/bgmgnk.html
[11:07:39] 200    35ms   32733B https://www.ss.com/msg/lv/real-estate/flats/riga/purvciems/agcom.html
[11:07:41] 200    23ms   37196B https://www.ss.com/msg/lv/real-estate/homes-summer-residences/jurmala/kemeri/eflme.html
[11:07:43] 200     9ms   27300B https://www.ss.com/msg/lv/transport/cars/volkswagen/golf-5/bldkim.html
[11:07:46] 200    32ms   24827B https://www.ss.com/msg/lv/home-stuff/furniture-interior/carpets/bkhljh.html
[11:07:48] 200    51ms   33644B https://www.ss.com/msg/lv/real-estate/flats/riga/purvciems/eecjb.html
[11:07:51] 200    13ms   49912B https://www.ss.com/msg/lv/real-estate/homes-summer-residences/jurmala/bulduri/dglgh.html
[11:07:53] 200    15ms   31425B https://www.ss.com/msg/lv/transport/cars/volkswagen/sharan/djnco.html
[11:07:55] 200    35ms   18203B https://www.ss.com/msg/lv/home-stuff/furniture-interior/carpets/bimcin.html
[11:07:58] 200    41ms   33282B https://www.ss.com/msg/lv/real-estate/flats/riga/purvciems/dplbf.html
[11:08:00] 200    11ms   50173B https://www.ss.com/msg/lv/real-estate/homes-summer-residences/jurmala/lielupe/jbnkh.html
[11:08:03] 200    10ms   23282B https://www.ss.com/msg/lv/transport/cars/volkswagen/golf-1/ckgbc.html
[11:08:07] 200  1185ms   20102B https://www.ss.com/msg/lv/home-stuff/furniture-interior/carpets/bdncmc.html
[11:08:08] 200     7ms   24030B https://www.ss.com/msg/lv/real-estate/flats/riga/purvciems/ellck.html
[11:08:11] 200    11ms   52806B https://www.ss.com/msg/lv/real-estate/homes-summer-residences/jurmala/melluzi/ggnoc.html
[11:08:14] 200    37ms   40841B https://www.ss.com/msg/lv/transport/cars/volkswagen/multivan/bkcoko.html
[11:08:17] 200    27ms   17446B https://www.ss.com/msg/lv/home-stuff/furniture-interior/carpets/bgpike.html
[11:08:19] 200    38ms   25812B https://www.ss.com/msg/lv/real-estate/flats/riga/purvciems/oobic.html
[11:08:22] 200    11ms   40998B https://www.ss.com/msg/lv/real-estate/homes-summer-residences/jurmala/dubulti/bmblh.html
[11:08:24] 200    41ms   46059B https://www.ss.com/msg/lv/transport/cars/volkswagen/tiguan/cddbhi.html
[11:08:27] 200    29ms   17720B https://www.ss.com/msg/lv/home-stuff/furniture-interior/carpets/bjkhbn.html
[11:08:30] 200    10ms   33716B https://www.ss.com/msg/lv/real-estate/flats/riga/purvciems/fjchd.html
[11:08:33] 200    11ms   45538B https://www.ss.com/msg/lv/real-estate/homes-summer-residences/jurmala/asari/jfbkj.html
[11:08:36] 200   209ms   29600B https://www.ss.com/msg/lv/transport/cars/volkswagen/golf-5/beeffd.html
[11:08:38] 200    25ms   17439B https://www.ss.com/msg/lv/home-stuff/furniture-interior/carpets/ehieh.html
[11:08:40] 200     8ms   35629B https://www.ss.com/msg/lv/real-estate/flats/riga/purvciems/ffmkj.html
[11:08:43] 200    50ms   44933B https://www.ss.com/msg/lv/real-estate/homes-summer-residences/jurmala/dubulti/llhed.html
[11:08:45] 200    68ms   47625B https://www.ss.com/msg/lv/transport/cars/volkswagen/tiguan/cdkmpn.html
[11:08:48] 200    29ms   18245B https://www.ss.com/msg/lv/home-stuff/furniture-interior/carpets/bijimi.html
[11:08:48] run finished: {"source":"ss","requests":280,"new_rows":196,"updated_rows":0,"expired_rows":0,"rejected":{"m2_outlier":2,"few_photos":2},"errors":13,"listPages":146,"detailPages":200,"zeroRowPages":5}
[11:08:48] zero-row list pages (unknown slugs or index pages):
  https://www.ss.com/lv/real-estate/flats/riga-region/sell/
  https://www.ss.com/lv/real-estate/flats/liepaja/sell/
  https://www.ss.com/lv/real-estate/flats/daugavpils/sell/
  https://www.ss.com/lv/real-estate/flats/jelgava/sell/
  https://www.ss.com/lv/real-estate/flats/ogre/sell/
