[13:38:16] 200    42ms   16694B https://www.ss.com/lv/real-estate/flats/riga-region/sell/
[13:38:16] parser_zero_rows https://www.ss.com/lv/real-estate/flats/riga-region/sell/ (unverified slug)
[13:38:19] 200    18ms   24771B https://www.ss.com/lv/real-estate/flats/liepaja/sell/
[13:38:19] parser_zero_rows https://www.ss.com/lv/real-estate/flats/liepaja/sell/ (unverified slug)
[13:38:21] 200    14ms   24771B https://www.ss.com/lv/real-estate/flats/daugavpils/sell/
[13:38:21] parser_zero_rows https://www.ss.com/lv/real-estate/flats/daugavpils/sell/ (unverified slug)
[13:38:24] 200    15ms   24771B https://www.ss.com/lv/real-estate/flats/jelgava/sell/
[13:38:24] parser_zero_rows https://www.ss.com/lv/real-estate/flats/jelgava/sell/ (unverified slug)
[13:38:26] 200    18ms   24771B https://www.ss.com/lv/real-estate/flats/ogre/sell/
[13:38:26] parser_zero_rows https://www.ss.com/lv/real-estate/flats/ogre/sell/ (unverified slug)
[13:38:29] 302    40ms       0B https://www.ss.com/lv/real-estate/flats/riga/chiekurkalns/sell/page2.html
[13:38:32] 302    19ms       0B https://www.ss.com/lv/real-estate/flats/riga/bolderaya/sell/page2.html
[13:38:34] 302    20ms       0B https://www.ss.com/lv/real-estate/flats/riga/darzciems/sell/page2.html
[13:38:36] 302    20ms       0B https://www.ss.com/lv/real-estate/flats/riga/tornjakalns/sell/page2.html
[13:38:39] 302    28ms       0B https://www.ss.com/lv/real-estate/flats/riga/grizinkalns/sell/page2.html
[13:38:41] 302    32ms       0B https://www.ss.com/lv/real-estate/flats/riga/zolitude/sell/page3.html
[13:38:44] 302    20ms       0B https://www.ss.com/lv/real-estate/flats/riga/sarkandaugava/sell/page3.html
[13:38:46] 302    22ms       0B https://www.ss.com/lv/real-estate/flats/riga/chiekurkalns/sell/page3.html
[13:38:48] 302    19ms       0B https://www.ss.com/lv/real-estate/flats/riga/vecmilgravis/sell/page3.html
[13:38:50] 302    35ms       0B https://www.ss.com/lv/real-estate/flats/riga/bolderaya/sell/page3.html
[13:38:52] 302    21ms       0B https://www.ss.com/lv/real-estate/flats/riga/darzciems/sell/page3.html
[13:38:55] 302    22ms       0B https://www.ss.com/lv/real-estate/flats/riga/tornjakalns/sell/page3.html
[13:38:57] 302    42ms       0B https://www.ss.com/lv/real-estate/flats/riga/grizinkalns/sell/page3.html
[13:38:57] list stage: 146 pages, 3920 candidate rows
[13:39:06] 200   380ms   19035B https://www.ss.com/msg/lv/home-stuff/furniture-interior/carpets/bdmmon.html
[13:39:09] 200     7ms   25385B https://www.ss.com/msg/lv/real-estate/flats/riga/purvciems/afkeh.html
[13:39:12] 200    32ms   25941B https://www.ss.com/msg/lv/transport/cars/volkswagen/tiguan/cgogel.html
[13:39:14] 200    25ms   18422B https://www.ss.com/msg/lv/home-stuff/furniture-interior/carpets/cxbxbp.html
[13:39:16] 200    47ms   42499B https://www.ss.com/msg/lv/real-estate/flats/riga/purvciems/fedcd.html
[13:39:19] 200    31ms   38345B https://www.ss.com/msg/lv/real-estate/homes-summer-residences/jurmala/dzintari/bbxpeh.html
[13:39:21] 200     8ms   51975B https://www.ss.com/msg/lv/transport/cars/volkswagen/tiguan/cflnmh.html
[13:39:23] 200     5ms   17426B https://www.ss.com/msg/lv/home-stuff/furniture-interior/carpets/bkeoxe.html
[13:39:25] 200     5ms   28663B https://www.ss.com/msg/lv/real-estate/flats/riga/purvciems/afmph.html
[13:39:28] 200    43ms   37972B https://www.ss.com/msg/lv/real-estate/homes-summer-residences/jurmala/dzintari/nngmg.html
[13:39:30] 200    55ms   41411B https://www.ss.com/msg/lv/transport/cars/volkswagen/another/cxbmnj.html
[13:39:32] 200    34ms   17625B https://www.ss.com/msg/lv/home-stuff/furniture-interior/carpets/bdmmbe.html
[13:39:35] 200    54ms   43262B https://www.ss.com/msg/lv/real-estate/flats/riga/purvciems/hexbx.html
[13:39:38] 200    40ms   39284B https://www.ss.com/msg/lv/real-estate/homes-summer-residences/jurmala/vaivari/bfbfkh.html
[13:39:40] 200     6ms   47227B https://www.ss.com/msg/lv/transport/cars/volkswagen/tiguan/cgxmkx.html
[13:39:42] 200    25ms   17829B https://www.ss.com/msg/lv/home-stuff/furniture-interior/carpets/bkohmk.html
[13:39:45] 200     6ms   33305B https://www.ss.com/msg/lv/real-estate/flats/riga/purvciems/afnbd.html
[13:39:47] 200    35ms   43477B https://www.ss.com/msg/lv/real-estate/homes-summer-residences/jurmala/valteri/djxhe.html
[13:39:50] 200    10ms   34470B https://www.ss.com/msg/lv/transport/cars/volkswagen/tiguan/cgojng.html
[13:39:53] 200    25ms   18815B https://www.ss.com/msg/lv/home-stuff/furniture-interior/carpets/cjlpi.html
[13:39:55] 200    29ms   37081B https://www.ss.com/msg/lv/real-estate/flats/riga/purvciems/dpomf.html
[13:39:58] 200    33ms   28621B https://www.ss.com/msg/lv/real-estate/homes-summer-residences/jurmala/priedaine/igbph.html
[13:40:00] 200    14ms   37944B https://www.ss.com/msg/lv/transport/cars/volkswagen/golf-7/cdcmgx.html
[13:40:03] 200    42ms   17408B https://www.ss.com/msg/lv/home-stuff/furniture-interior/carpets/jmbnj.html
[13:40:06] 200     7ms   33653B https://www.ss.com/msg/lv/real-estate/flats/riga/purvciems/ckmpj.html
[13:40:08] 200    35ms   28795B https://www.ss.com/msg/lv/real-estate/homes-summer-residences/jurmala/dubulti/dfpmm.html
[13:40:11] 200    11ms   45204B https://www.ss.com/msg/lv/transport/cars/volkswagen/touran/blbpjc.html
[13:40:13] 200    25ms   18023B https://www.ss.com/msg/lv/home-stuff/furniture-interior/carpets/bbbbme.html
[13:40:16] 200    32ms   32641B https://www.ss.com/msg/lv/real-estate/flats/riga/purvciems/agnep.html
[13:40:18] 200    35ms   31391B https://www.ss.com/msg/lv/real-estate/homes-summer-residences/jurmala/melluzi/bdoimi.html
[13:40:21] 200     5ms   22933B https://www.ss.com/msg/lv/transport/cars/volkswagen/bora/adkdi.html
[13:40:24] 200   137ms   17625B https://www.ss.com/msg/lv/home-stuff/furniture-interior/carpets/djobn.html
[13:40:26] 200    26ms   27785B https://www.ss.com/msg/lv/real-estate/flats/riga/purvciems/agckl.html
[13:40:29] 200   143ms   37725B https://www.ss.com/msg/lv/real-estate/homes-summer-residences/jurmala/kauguri/ajjmo.html
[13:40:32] 200     6ms   42376B https://www.ss.com/msg/lv/transport/cars/volkswagen/touareg/bhmeec.html
[13:40:35] 200    28ms   18325B https://www.ss.com/msg/lv/home-stuff/furniture-interior/carpets/biifmk.html
[13:40:38] 200    34ms   40503B https://www.ss.com/msg/lv/real-estate/flats/riga/purvciems/dggdo.html
[13:40:41] 200    49ms   35812B https://www.ss.com/msg/lv/real-estate/homes-summer-residences/jurmala/kauguri/bbkjji.html
[13:40:43] 200     8ms   26241B https://www.ss.com/msg/lv/transport/cars/volkswagen/new-beetle/kllcd.html
[13:40:45] 200    31ms   18317B https://www.ss.com/msg/lv/home-stuff/furniture-interior/sofas/bhokmm.html
[13:40:47] 200     9ms   34922B https://www.ss.com/msg/lv/real-estate/flats/riga/plyavnieki/hheee.html
[13:40:50] 200    41ms   51760B https://www.ss.com/msg/lv/real-estate/homes-summer-residences/jurmala/asari/hccgh.html
[13:40:52] 200    42ms   35693B https://www.ss.com/msg/lv/transport/cars/bmw/730/cpekg.html
[13:40:54] 200    27ms   17719B https://www.ss.com/msg/lv/home-stuff/furniture-interior/sofas/bfegjm.html
[13:40:57] 200    42ms   34006B https://www.ss.com/msg/lv/real-estate/flats/riga/plyavnieki/heknh.html
[13:40:59] 200     9ms   37432B https://www.ss.com/msg/lv/real-estate/homes-summer-residences/riga-region/adazu-nov/adazi/cgdgln.html
[13:41:02] 200    41ms   46687B https://www.ss.com/msg/lv/transport/cars/bmw/x3/bxkigh.html
[13:41:04] 200    28ms   20181B https://www.ss.com/msg/lv/home-stuff/furniture-interior/sofas/bmlhdm.html
[13:41:06] 200    38ms   40844B https://www.ss.com/msg/lv/real-estate/flats/riga/plyavnieki/ixone.html
[13:41:09] 200    31ms   26178B https://www.ss.com/msg/lv/real-estate/homes-summer-residences/riga-region/kekavas-pag/dzerumi/clkgb.html
[13:41:11] 200    40ms   32477B https://www.ss.com/msg/lv/transport/cars/bmw/320/cdjbln.html
[13:41:13] 200    43ms   19746B https://www.ss.com/msg/lv/home-stuff/furniture-interior/sofas/bkmpmp.html
[13:41:16] 200    47ms   34728B https://www.ss.com/msg/lv/real-estate/flats/riga/plyavnieki/fhhee.html
[13:41:19] 200     9ms   35210B https://www.ss.com/msg/lv/real-estate/homes-summer-residences/riga-region/carnikavas-nov/siguli/lkhch.html
[13:41:21] 200    37ms   29953B https://www.ss.com/msg/lv/transport/cars/bmw/316/eechg.html
[13:41:24] 200    21ms   20459B https://www.ss.com/msg/lv/home-stuff/furniture-interior/sofas/mphgp.html
[13:41:26] 200     5ms   22569B https://www.ss.com/msg/lv/real-estate/flats/riga/plyavnieki/dihgc.html
[13:41:28] 200    43ms   56452B https://www.ss.com/msg/lv/real-estate/homes-summer-residences/riga-region/marupes-pag/marupe/acxpx.html
[13:41:30] 200   110ms   44806B https://www.ss.com/msg/lv/transport/cars/bmw/325/bdkii.html
[13:41:33] 200    28ms   19699B https://www.ss.com/msg/lv/home-stuff/furniture-interior/sofas/bfdenm.html
[13:41:36] 200    43ms   43481B https://www.ss.com/msg/lv/real-estate/flats/riga/plyavnieki/glepj.html
[13:41:38] 200    48ms   43292B https://www.ss.com/msg/lv/real-estate/homes-summer-residences/riga-region/olaines-pag/jaunolaine/bxoll.html
[13:41:41] 200   600ms   43072B https://www.ss.com/msg/lv/transport/cars/bmw/218/cfxkkk.html
[13:41:44] 200    65ms   20876B https://www.ss.com/msg/lv/home-stuff/furniture-interior/sofas/blgnlm.html
[13:41:46] 200    38ms   43516B https://www.ss.com/msg/lv/real-estate/flats/riga/plyavnieki/ddklg.html
[13:41:48] 200    39ms   35691B https://www.ss.com/msg/lv/real-estate/homes-summer-residences/riga-region/garkalnes-nov/garkalne/dggni.html
[13:41:51] 200    10ms   48125B https://www.ss.com/msg/lv/transport/cars/bmw/x1/cgdhcp.html
[13:41:53] 200    30ms   18994B https://www.ss.com/msg/lv/home-stuff/furniture-interior/sofas/kcmjb.html
[13:41:55] 200     7ms   41668B https://www.ss.com/msg/lv/real-estate/flats/riga/plyavnieki/adjph.html
[13:41:58] 200    44ms   56238B https://www.ss.com/msg/lv/real-estate/homes-summer-residences/riga-region/saulkrasti/adhlm.html
[13:42:00] 200     9ms   39025B https://www.ss.com/msg/lv/transport/cars/bmw/218/cgkfxh.html
[13:42:03] 200    30ms   19814B https://www.ss.com/msg/lv/home-stuff/furniture-interior/sofas/bcdlcp.html
[13:42:05] 200    36ms   42847B https://www.ss.com/msg/lv/real-estate/flats/riga/plyavnieki/gmjni.html
[13:42:08] 200   376ms   46508B https://www.ss.com/msg/lv/real-estate/homes-summer-residences/riga-region/marupes-pag/marupe/efxie.html
[13:42:10] 200    38ms   31253B https://www.ss.com/msg/lv/transport/cars/bmw/730/fhldj.html
[13:42:12] 200    31ms   23584B https://www.ss.com/msg/lv/home-stuff/furniture-interior/sofas/codmh.html
[13:42:15] 200     8ms   25891B https://www.ss.com/msg/lv/real-estate/flats/riga/plyavnieki/hdfbh.html
[13:42:17] 200    35ms   35904B https://www.ss.com/msg/lv/real-estate/homes-summer-residences/riga-region/adazu-nov/adazi/ahnfd.html
[13:42:20] 200    85ms   40965B https://www.ss.com/msg/lv/transport/cars/bmw/another/cenlcl.html
[13:42:22] 200    33ms   19734B https://www.ss.com/msg/lv/home-stuff/furniture-interior/sofas/bfkiph.html
[13:42:25] 200    36ms   44706B https://www.ss.com/msg/lv/real-estate/flats/riga/plyavnieki/bkojdm.html
[13:42:28] 200    14ms   46823B https://www.ss.com/msg/lv/real-estate/homes-summer-residences/riga-region/marupes-pag/marupe/djxdc.html
[13:42:30] 200    34ms   37618B https://www.ss.com/msg/lv/transport/cars/bmw/520/cgidlg.html
[13:42:33] 200    27ms   18383B https://www.ss.com/msg/lv/home-stuff/furniture-interior/sofas/jcdhk.html
[13:42:36] 200    29ms   26425B https://www.ss.com/msg/lv/real-estate/flats/riga/plyavnieki/ehfpc.html
[13:42:38] 200    48ms   26051B https://www.ss.com/msg/lv/real-estate/homes-summer-residences/riga-region/vangazi/dmgmx.html
[13:42:41] 200    10ms   32522B https://www.ss.com/msg/lv/transport/cars/bmw/320/cdfjkh.html
[13:42:43] 200     6ms   17729B https://www.ss.com/msg/lv/home-stuff/furniture-interior/sofas/ekonj.html
[13:42:46] 200    39ms   29703B https://www.ss.com/msg/lv/real-estate/flats/riga/plyavnieki/bedfjm.html
[13:42:48] 200    39ms   50404B https://www.ss.com/msg/lv/real-estate/homes-summer-residences/riga-region/garkalnes-nov/sunisi/aifln.html
[13:42:50] 200    33ms   36743B https://www.ss.com/msg/lv/transport/cars/bmw/520/fkmxd.html
[13:42:52] 200    15ms   23036B https://www.ss.com/msg/lv/home-stuff/furniture-interior/sofas/jcecj.html
[13:42:55] 200    37ms   33682B https://www.ss.com/msg/lv/real-estate/flats/riga/plyavnieki/eldgf.html
[13:42:57] 200   151ms   40187B https://www.ss.com/msg/lv/real-estate/homes-summer-residences/riga-region/salaspils/beidcn.html
[13:43:00] 200    34ms   39248B https://www.ss.com/msg/lv/transport/cars/bmw/x5/cgefhi.html
[13:43:02] 200     6ms   23821B https://www.ss.com/msg/lv/home-stuff/furniture-interior/sofas/bndln.html
[13:43:05] 200    63ms   39083B https://www.ss.com/msg/lv/real-estate/flats/riga/plyavnieki/bebxdm.html
[13:43:07] 200    14ms   30407B https://www.ss.com/msg/lv/real-estate/homes-summer-residences/riga-region/garkalnes-nov/suzi/nbeeg.html
[13:43:09] 200    38ms   40969B https://www.ss.com/msg/lv/transport/cars/bmw/220/bphhxi.html
[13:43:12] 200    37ms   20157B https://www.ss.com/msg/lv/home-stuff/furniture-interior/sofas/bimpog.html
[13:43:15] 200    46ms   38131B https://www.ss.com/msg/lv/real-estate/flats/riga/plyavnieki/gmbho.html
[13:43:17] 200    37ms   40671B https://www.ss.com/msg/lv/real-estate/homes-summer-residences/riga-region/marupes-pag/marupe/bbbkg.html
[13:43:19] 200    43ms   46324B https://www.ss.com/msg/lv/transport/cars/bmw/740/hfion.html
[13:43:21] 200     6ms   25743B https://www.ss.com/msg/lv/home-stuff/furniture-interior/sofas/nlede.html
[13:43:24] 200    29ms   31089B https://www.ss.com/msg/lv/real-estate/flats/riga/plyavnieki/afhxf.html
[13:43:26] 200    34ms   35840B https://www.ss.com/msg/lv/real-estate/homes-summer-residences/riga-region/balozi/bmdhl.html
[13:43:29] 200    30ms   36778B https://www.ss.com/msg/lv/transport/cars/bmw/530/gjxhe.html
[13:43:32] 200    27ms   24123B https://www.ss.com/msg/lv/home-stuff/furniture-interior/sofas/eddho.html
[13:43:34] 200    36ms   42254B https://www.ss.com/msg/lv/real-estate/flats/riga/plyavnieki/ibdke.html
[13:43:37] 200    12ms   50630B https://www.ss.com/msg/lv/real-estate/homes-summer-residences/riga-region/kekavas-pag/jaunsils/nmmip.html
[13:43:40] 200    43ms   49384B https://www.ss.com/msg/lv/transport/cars/bmw/520/ceenfg.html
[13:43:42] 200    56ms   20321B https://www.ss.com/msg/lv/home-stuff/furniture-interior/sofas/flokm.html
[13:43:45] 200    36ms   41184B https://www.ss.com/msg/lv/real-estate/flats/riga/plyavnieki/dobxd.html
[13:43:48] 200    43ms   51774B https://www.ss.com/msg/lv/real-estate/homes-summer-residences/riga-region/saulkrastu-l-t/mezvidi/gdnjj.html
[13:43:51] 200    37ms   29621B https://www.ss.com/msg/lv/transport/cars/bmw/120/cfkkjg.html
[13:43:53] 200    32ms   26513B https://www.ss.com/msg/lv/home-stuff/furniture-interior/sofas/bmmxen.html
[13:43:55] 200    30ms   28648B https://www.ss.com/msg/lv/real-estate/flats/riga/plyavnieki/amixd.html
[13:43:58] 200    61ms   48921B https://www.ss.com/msg/lv/real-estate/homes-summer-residences/riga-region/babites-pag/sebruciems/abeik.html
[13:44:00] 200    39ms   49755B https://www.ss.com/msg/lv/transport/cars/bmw/330/bejnke.html
[13:44:03] 200    27ms   17985B https://www.ss.com/msg/lv/home-stuff/furniture-interior/sofas/eidnb.html
[13:44:06] 200    31ms   29638B https://www.ss.com/msg/lv/real-estate/flats/riga/plyavnieki/ondie.html
[13:44:08] 200    31ms   35740B https://www.ss.com/msg/lv/real-estate/homes-summer-residences/riga-region/saulkrasti/anixj.html
[13:44:10] 200    37ms   39311B https://www.ss.com/msg/lv/transport/cars/bmw/320/celxnm.html
[13:44:12] 200    25ms   22168B https://www.ss.com/msg/lv/home-stuff/furniture-interior/sofas/mpflo.html
[13:44:15] 200    31ms   25402B https://www.ss.com/msg/lv/real-estate/flats/riga/plyavnieki/apldd.html
[13:44:18] 200    36ms   34242B https://www.ss.com/msg/lv/real-estate/homes-summer-residences/riga-region/babites-pag/mezares/bcjbid.html
[13:44:20] 200   152ms   43805B https://www.ss.com/msg/lv/transport/cars/bmw/x3/ceeemc.html
[13:44:23] 200    62ms   22608B https://www.ss.com/msg/lv/home-stuff/furniture-interior/sofas/bdcxgx.html
[13:44:25] 200    32ms   27500B https://www.ss.com/msg/lv/real-estate/flats/riga/plyavnieki/ckifn.html
[13:44:27] 200    37ms   42093B https://www.ss.com/msg/lv/real-estate/homes-summer-residences/riga-region/saulkrasti/jxofj.html
[13:44:29] 200    46ms   50434B https://www.ss.com/msg/lv/transport/cars/bmw/x5/cgonbj.html
[13:44:32] 200    28ms   22398B https://www.ss.com/msg/lv/home-stuff/furniture-interior/sofas/bbgpoj.html
[13:44:34] 200    34ms   37015B https://www.ss.com/msg/lv/real-estate/flats/riga/plyavnieki/bkcxli.html
[13:44:37] 200    41ms   44656B https://www.ss.com/msg/lv/real-estate/homes-summer-residences/riga-region/garkalnes-nov/baltezers/bmcoo.html
[13:44:40] 200     5ms   24605B https://www.ss.com/msg/lv/transport/cars/bmw/520/bjhnbp.html
[13:44:42] 200    29ms   20778B https://www.ss.com/msg/lv/home-stuff/furniture-interior/sofas/cbjpp.html
[13:44:44] 200    46ms   30984B https://www.ss.com/msg/lv/real-estate/flats/riga/plyavnieki/beggfo.html
[13:44:47] 200    54ms   38319B https://www.ss.com/msg/lv/real-estate/homes-summer-residences/riga-region/kekavas-pag/vimbukrogs/bxeoih.html
[13:44:49] 200    34ms   32688B https://www.ss.com/msg/lv/transport/cars/bmw/x5/bfxeml.html
[13:44:51] 200    26ms   23104B https://www.ss.com/msg/lv/home-stuff/furniture-interior/sofas/mofmf.html
[13:44:54] 200    32ms   30811B https://www.ss.com/msg/lv/real-estate/flats/riga/plyavnieki/behbje.html
[13:44:56] 200    37ms   42113B https://www.ss.com/msg/lv/real-estate/homes-summer-residences/riga-region/babites-pag/trenci/bnjohn.html
[13:44:59] 200    40ms   39781B https://www.ss.com/msg/lv/transport/cars/bmw/220/cfmfdh.html
[13:45:01] 200    31ms   25640B https://www.ss.com/msg/lv/home-stuff/furniture-interior/sofas/bijgbd.html
[13:45:04] 200    28ms   25693B https://www.ss.com/msg/lv/real-estate/flats/riga/plyavnieki/hxdbb.html
[13:45:06] 200    34ms   47078B https://www.ss.com/msg/lv/real-estate/homes-summer-residences/riga-region/kekavas-pag/dzerumi/cgoido.html
[13:45:09] 200    36ms   32258B https://www.ss.com/msg/lv/transport/cars/bmw/x5/bknbbd.html
[13:45:12] 200    27ms   25993B https://www.ss.com/msg/lv/home-stuff/furniture-interior/sofas/ppbkx.html
[13:45:14] 200     9ms   38104B https://www.ss.com/msg/lv/real-estate/flats/riga/plyavnieki/ebflg.html
[13:45:16] 200    41ms   50412B https://www.ss.com/msg/lv/real-estate/homes-summer-residences/riga-region/garkalnes-nov/priedkalne/hnxgi.html
[13:45:19] 200    37ms   33175B https://www.ss.com/msg/lv/transport/cars/bmw/x5/cfecob.html
[13:45:21] 200     6ms   25161B https://www.ss.com/msg/lv/home-stuff/furniture-interior/sofas/hbijl.html
[13:45:23] 200     7ms   38324B https://www.ss.com/msg/lv/real-estate/flats/riga/plyavnieki/ejdfn.html
[13:45:26] 200    60ms   49812B https://www.ss.com/msg/lv/real-estate/homes-summer-residences/riga-region/salaspils/infhm.html
[13:45:28] 200    63ms   40498B https://www.ss.com/msg/lv/transport/cars/bmw/x5/cfecmp.html
[13:45:30] 200    56ms   15856B https://www.ss.com/msg/lv/home-stuff/furniture-interior/sofas/pmcgf.html
[13:45:33] 200    34ms   26243B https://www.ss.com/msg/lv/real-estate/flats/riga/plyavnieki/bfbhkh.html
[13:45:35] 200    34ms   32854B https://www.ss.com/msg/lv/real-estate/homes-summer-residences/riga-region/marupes-pag/marupe/dnmdm.html
[13:45:38] 200     8ms   39105B https://www.ss.com/msg/lv/transport/cars/bmw/530/bghjj.html
[13:45:40] 200    31ms   25083B https://www.ss.com/msg/lv/home-stuff/furniture-interior/tables/keknl.html
[13:45:43] 200    41ms   43896B https://www.ss.com/msg/lv/real-estate/flats/riga/teika/bdnopx.html
[13:45:46] 200    44ms   48180B https://www.ss.com/msg/lv/real-estate/homes-summer-residences/riga-region/saulkrastu-l-t/vef-bikernieki/bbbfon.html
[13:45:48] 200    54ms   33412B https://www.ss.com/msg/lv/transport/cars/bmw/328/gpnpi.html
[13:45:51] 200    27ms   22929B https://www.ss.com/msg/lv/home-stuff/furniture-interior/tables/bkdehm.html
[13:45:53] 200    29ms   43971B https://www.ss.com/msg/lv/real-estate/flats/riga/teika/lgdei.html
[13:45:56] 200    28ms   32578B https://www.ss.com/msg/lv/real-estate/homes-summer-residences/jurmala/kemeri/hihpn.html
[13:45:59] 200     8ms   48457B https://www.ss.com/msg/lv/transport/cars/bmw/330/bemcpm.html
[13:46:01] 200    24ms   18395B https://www.ss.com/msg/lv/home-stuff/furniture-interior/tables/ceibgb.html
[13:46:04] 200     6ms   23099B https://www.ss.com/msg/lv/real-estate/flats/riga/teika/bbjfok.html
[13:46:07] 200    35ms   42057B https://www.ss.com/msg/lv/real-estate/homes-summer-residences/jurmala/melluzi/aeofh.html
[13:46:09] 200    53ms   50485B https://www.ss.com/msg/lv/transport/cars/bmw/630/cfllpf.html
[13:46:12] 200    25ms   19202B https://www.ss.com/msg/lv/home-stuff/furniture-interior/tables/blelig.html
[13:46:15] 200    34ms   43777B https://www.ss.com/msg/lv/real-estate/flats/riga/teika/decjn.html
[13:46:18] 200    46ms   25657B https://www.ss.com/msg/lv/real-estate/homes-summer-residences/jurmala/valteri/ffkfd.html
[13:46:20] 200    45ms   48076B https://www.ss.com/msg/lv/transport/cars/bmw/530/clfxj.html
[13:46:23] 200    25ms   25396B https://www.ss.com/msg/lv/home-stuff/furniture-interior/tables/bxbfmp.html
[13:46:26] 200    31ms   30668B https://www.ss.com/msg/lv/real-estate/flats/riga/teika/becfkd.html
[13:46:28] 200    25ms   38657B https://www.ss.com/msg/lv/real-estate/homes-summer-residences/jurmala/lielupe/ndpeo.html
[13:46:30] 200    40ms   46841B https://www.ss.com/msg/lv/transport/cars/bmw/530/bifneo.html
[13:46:32] 200    30ms   24737B https://www.ss.com/msg/lv/home-stuff/furniture-interior/tables/bmpckm.html
[13:46:35] 200    36ms   29054B https://www.ss.com/msg/lv/real-estate/flats/riga/teika/bpxig.html
[13:46:37] 200     9ms   35677B https://www.ss.com/msg/lv/real-estate/homes-summer-residences/jurmala/dzintari/ngikc.html
[13:46:40] 200    43ms   47346B https://www.ss.com/msg/lv/transport/cars/bmw/530/bicnkc.html
[13:46:42] 200    28ms   18433B https://www.ss.com/msg/lv/home-stuff/furniture-interior/tables/ceipcp.html
[13:46:44] 200    37ms   32739B https://www.ss.com/msg/lv/real-estate/flats/riga/teika/bcjljm.html
[13:46:46] 200    30ms   31160B https://www.ss.com/msg/lv/real-estate/homes-summer-residences/jurmala/melluzi/icbcn.html
[13:46:49] 200    43ms   42950B https://www.ss.com/msg/lv/transport/cars/bmw/530/enfpp.html
[13:46:52] 200    34ms   17707B https://www.ss.com/msg/lv/home-stuff/furniture-interior/tables/anfgl.html
[13:46:54] 200    30ms   35000B https://www.ss.com/msg/lv/real-estate/flats/riga/teika/hbjpd.html
[13:46:56] 200    18ms   43081B https://www.ss.com/msg/lv/real-estate/homes-summer-residences/jurmala/bulluciems/ejllo.html
[13:46:59] 200   128ms   39120B https://www.ss.com/msg/lv/transport/cars/bmw/x5/cdkkel.html
[13:47:01] 200    27ms   19166B https://www.ss.com/msg/lv/home-stuff/furniture-interior/tables/cfmmkl.html
[13:47:03] 200    40ms   41956B https://www.ss.com/msg/lv/real-estate/flats/riga/teika/bbmkxe.html
[13:47:06] 200    10ms   40885B https://www.ss.com/msg/lv/real-estate/homes-summer-residences/jurmala/pumpuri/iijnb.html
[13:47:09] 200    41ms   24761B https://www.ss.com/msg/lv/transport/cars/bmw/318/gnepd.html
[13:47:12] 200    26ms   17898B https://www.ss.com/msg/lv/home-stuff/furniture-interior/tables/ocdxc.html
[13:47:14] 200    36ms   31900B https://www.ss.com/msg/lv/real-estate/flats/riga/teika/aakhi.html
[13:47:17] 200    33ms   23683B https://www.ss.com/msg/lv/real-estate/homes-summer-residences/jurmala/dzintari/hikch.html
[13:47:19] 200    42ms   43119B https://www.ss.com/msg/lv/transport/cars/bmw/x5/ccihii.html
[13:47:21] 200    43ms   17902B https://www.ss.com/msg/lv/home-stuff/furniture-interior/tables/hphhd.html
[13:47:23] 200    37ms   32346B https://www.ss.com/msg/lv/real-estate/flats/riga/teika/gdnek.html
[13:47:25] 200    34ms   27972B https://www.ss.com/msg/lv/real-estate/homes-summer-residences/jurmala/melluzi/jbjnf.html
[13:47:28] 200   150ms   34797B https://www.ss.com/msg/lv/transport/cars/bmw/m2/cghbxf.html
[13:47:31] 200    29ms   17919B https://www.ss.com/msg/lv/home-stuff/furniture-interior/tables/ofmff.html
[13:47:33] 200     6ms   33301B https://www.ss.com/msg/lv/real-estate/flats/riga/teika/bexbfo.html
[13:47:36] 200    31ms   37888B https://www.ss.com/msg/lv/real-estate/homes-summer-residences/jurmala/melluzi/clxkp.html
[13:47:39] 200    34ms   36779B https://www.ss.com/msg/lv/transport/cars/bmw/x6/bidofb.html
[13:47:41] 200    37ms   20415B https://www.ss.com/msg/lv/home-stuff/furniture-interior/tables/bkkjhe.html
[13:47:43] 200    36ms   25298B https://www.ss.com/msg/lv/real-estate/flats/riga/teika/kndfm.html
[13:47:45] 200    36ms   46099B https://www.ss.com/msg/lv/real-estate/homes-summer-residences/jurmala/melluzi/acefm.html
[13:47:47] 200    34ms   52162B https://www.ss.com/msg/lv/transport/cars/bmw/x3/cdxdfx.html
[13:47:50] 200    29ms   21040B https://www.ss.com/msg/lv/home-stuff/furniture-interior/tables/bgmofc.html
[13:47:52] 200    28ms   25907B https://www.ss.com/msg/lv/real-estate/flats/riga/teika/deoxc.html
[13:47:55] 200    29ms   37574B https://www.ss.com/msg/lv/real-estate/homes-summer-residences/jurmala/bulduri/ahpgl.html
[13:47:58] 200   137ms   44735B https://www.ss.com/msg/lv/transport/cars/bmw/320/ccpjgh.html
[13:48:01] 200    31ms   17739B https://www.ss.com/msg/lv/home-stuff/furniture-interior/tables/kfobk.html
[13:48:03] 200    38ms   33048B https://www.ss.com/msg/lv/real-estate/flats/riga/teika/dpbie.html
[13:48:06] 200    33ms   24599B https://www.ss.com/msg/lv/real-estate/homes-summer-residences/jurmala/kauguri/gfddd.html
[13:48:09] 200    49ms   43493B https://www.ss.com/msg/lv/transport/cars/bmw/430/ccmgcj.html
[13:48:11] 200    23ms   17758B https://www.ss.com/msg/lv/home-stuff/furniture-interior/tables/cekfil.html
[13:48:14] 200    39ms   31519B https://www.ss.com/msg/lv/real-estate/flats/riga/teika/bkecc.html
[13:48:16] 200    62ms   48303B https://www.ss.com/msg/lv/real-estate/homes-summer-residences/jurmala/asari/jlcxc.html
[13:48:19] 200     9ms   33076B https://www.ss.com/msg/lv/transport/cars/bmw/340/ccmxcn.html
[13:48:22] 200    27ms   17840B https://www.ss.com/msg/lv/home-stuff/furniture-interior/tables/bmomjl.html
[13:48:24] 200    43ms   26136B https://www.ss.com/msg/lv/real-estate/flats/riga/teika/lghnn.html
[13:48:26] 200    14ms   43513B https://www.ss.com/msg/lv/real-estate/homes-summer-residences/jurmala/melluzi/jbjnh.html
[13:48:29] 200    54ms   40989B https://www.ss.com/msg/lv/transport/cars/bmw/318/dkhpf.html
[13:48:31] 200    30ms   19784B https://www.ss.com/msg/lv/home-stuff/furniture-interior/tables/cejcfi.html
[13:48:34] 200    33ms   26070B https://www.ss.com/msg/lv/real-estate/flats/riga/teika/hclel.html
[13:48:37] 200    45ms   48177B https://www.ss.com/msg/lv/real-estate/homes-summer-residences/jurmala/jaundubulti/icdjf.html
[13:48:39] 200    40ms   40177B https://www.ss.com/msg/lv/transport/cars/bmw/m8/cbpphl.html
[13:48:42] 200    28ms   17611B https://www.ss.com/msg/lv/home-stuff/furniture-interior/tables/bgnffg.html
[13:48:45] 200     5ms   24253B https://www.ss.com/msg/lv/real-estate/flats/riga/teika/bbolpl.html
[13:48:48] 200    39ms   25872B https://www.ss.com/msg/lv/real-estate/homes-summer-residences/jurmala/dubulti/dliec.html
[13:48:50] 200    39ms   39617B https://www.ss.com/msg/lv/transport/cars/bmw/m4/cgomop.html
[13:48:53] 200    30ms   17613B https://www.ss.com/msg/lv/home-stuff/furniture-interior/tables/binglm.html
[13:48:56] 200    50ms   43144B https://www.ss.com/msg/lv/real-estate/flats/riga/teika/bbfjxf.html
[13:48:58] 200    68ms   38748B https://www.ss.com/msg/lv/real-estate/homes-summer-residences/jurmala/melluzi/bdmnpi.html
[13:49:01] 200    36ms   38886B https://www.ss.com/msg/lv/transport/cars/bmw/120/ccljhc.html
[13:49:03] 200    28ms   19006B https://www.ss.com/msg/lv/home-stuff/furniture-interior/tables/bxbhjg.html
[13:49:06] 200    49ms   42776B https://www.ss.com/msg/lv/real-estate/flats/riga/teika/kmije.html
[13:49:08] 200    37ms   41848B https://www.ss.com/msg/lv/real-estate/homes-summer-residences/jurmala/dubulti/cgnbfl.html
[13:49:11] 200    34ms   38515B https://www.ss.com/msg/lv/transport/cars/bmw/320/cebeje.html
[13:49:13] 200    31ms   19004B https://www.ss.com/msg/lv/home-stuff/furniture-interior/tables/bgllkl.html
[13:49:16] 200    33ms   44688B https://www.ss.com/msg/lv/real-estate/flats/riga/teika/bebnlf.html
[13:49:18] 200    62ms   26211B https://www.ss.com/msg/lv/real-estate/homes-summer-residences/jurmala/bulduri/abfnx.html
[13:49:21] 200   442ms   40969B https://www.ss.com/msg/lv/transport/cars/bmw/x5/bhkhmp.html
[13:49:23] 200    24ms   19616B https://www.ss.com/msg/lv/home-stuff/furniture-interior/tables/bnhdx.html
[13:49:26] 200    52ms   45348B https://www.ss.com/msg/lv/real-estate/flats/riga/teika/bdophp.html
[13:49:28] 200    50ms   39517B https://www.ss.com/msg/lv/real-estate/homes-summer-residences/jurmala/pumpuri/nxnne.html
[13:49:31] 200    40ms   46760B https://www.ss.com/msg/lv/transport/cars/bmw/320/bgngk.html
[13:49:33] 200    30ms   17797B https://www.ss.com/msg/lv/home-stuff/furniture-interior/tables/blehfh.html
[13:49:36] 200    52ms   42219B https://www.ss.com/msg/lv/real-estate/flats/riga/teika/kmkep.html
[13:49:38] 200     7ms   32893B https://www.ss.com/msg/lv/real-estate/homes-summer-residences/jurmala/bulduri/icoex.html
[13:49:41] 200    37ms   43778B https://www.ss.com/msg/lv/transport/cars/bmw/525/bbeob.html
[13:49:44] 200    93ms   17646B https://www.ss.com/msg/lv/home-stuff/furniture-interior/tables/odnbh.html
[13:49:46] 200    64ms   41888B https://www.ss.com/msg/lv/real-estate/flats/riga/teika/bciihj.html
[13:49:49] 200    38ms   23353B https://www.ss.com/msg/lv/real-estate/homes-summer-residences/jurmala/majori/ikjjc.html
[13:49:51] 200    56ms   45441B https://www.ss.com/msg/lv/transport/cars/bmw/x3/cgdfbe.html
[13:49:54] 200    28ms   25203B https://www.ss.com/msg/lv/home-stuff/furniture-interior/tables/bjmnl.html
[13:49:56] 200    48ms   43357B https://www.ss.com/msg/lv/real-estate/flats/riga/teika/kmlol.html
[13:49:59] 200    75ms   41649B https://www.ss.com/msg/lv/real-estate/homes-summer-residences/jurmala/asari/bxnxpb.html
[13:50:01] 200    51ms   39390B https://www.ss.com/msg/lv/transport/cars/bmw/x1/bphxxl.html
[13:50:03] 200    26ms   17750B https://www.ss.com/msg/lv/home-stuff/furniture-interior/tables/jpmcl.html
[13:50:06] 200    40ms   45011B https://www.ss.com/msg/lv/real-estate/flats/riga/teika/abgkk.html
[13:50:08] 200    41ms   42993B https://www.ss.com/msg/lv/real-estate/homes-summer-residences/jurmala/valteri/fkbog.html
[13:50:11] 200   109ms   38273B https://www.ss.com/msg/lv/transport/cars/bmw/325/apxxg.html
[13:50:13] 200    35ms   25149B https://www.ss.com/msg/lv/home-stuff/furniture-interior/tables/kmlhn.html
[13:50:16] 200    57ms   27814B https://www.ss.com/msg/lv/real-estate/flats/riga/teika/afnii.html
[13:50:18] 200    30ms   23020B https://www.ss.com/msg/lv/real-estate/homes-summer-residences/jurmala/melluzi/fdlkm.html
[13:50:21] 200    42ms   46512B https://www.ss.com/msg/lv/transport/cars/bmw/x5/ccenok.html
[13:50:23] 200    33ms   24584B https://www.ss.com/msg/lv/home-stuff/furniture-interior/tables/febbx.html
[13:50:25] 200    48ms   37668B https://www.ss.com/msg/lv/real-estate/flats/riga/teika/lhogx.html
[13:50:28] 200   204ms   43481B https://www.ss.com/msg/lv/real-estate/homes-summer-residences/jurmala/bulduri/hldff.html
[13:50:30] 200    48ms   34637B https://www.ss.com/msg/lv/transport/cars/bmw/x5/ccjbdx.html
[13:50:32] 200    68ms   23362B https://www.ss.com/msg/lv/home-stuff/furniture-interior/tables/bxbfeg.html
[13:50:35] 200    43ms   22454B https://www.ss.com/msg/lv/real-estate/flats/riga/teika/aioon.html
[13:50:38] 200    48ms   23351B https://www.ss.com/msg/lv/real-estate/homes-summer-residences/jurmala/sloka/aheol.html
[13:50:41] 200    42ms   37760B https://www.ss.com/msg/lv/transport/cars/bmw/320/cclfdp.html
[13:50:43] 200     5ms   17448B https://www.ss.com/msg/lv/home-stuff/furniture-interior/lusters-sconces/fdibn.html
[13:50:45] 200    30ms   28233B https://www.ss.com/msg/lv/real-estate/flats/riga/imanta/bedncn.html
[13:50:48] 200    45ms   26241B https://www.ss.com/msg/lv/real-estate/homes-summer-residences/jurmala/jaunkemeri/hdckj.html
[13:50:50] 200     7ms   36314B https://www.ss.com/msg/lv/transport/cars/mercedes/e350/bmxpjf.html
[13:50:53] 200    24ms   19864B https://www.ss.com/msg/lv/home-stuff/furniture-interior/lusters-sconces/bhlegl.html
[13:50:56] 200    30ms   28957B https://www.ss.com/msg/lv/real-estate/flats/riga/imanta/bdponf.html
[13:50:58] 200    36ms   20757B https://www.ss.com/msg/lv/real-estate/homes-summer-residences/riga-region/babites-pag/vikuli/bppjbk.html
[13:51:01] 200    43ms   43871B https://www.ss.com/msg/lv/transport/cars/mercedes/a180/cjxjd.html
[13:51:04] 200    27ms   20811B https://www.ss.com/msg/lv/home-stuff/furniture-interior/lusters-sconces/klocg.html
[13:51:06] 200    22ms   29865B https://www.ss.com/msg/lv/real-estate/flats/riga/imanta/aibdc.html
[13:51:08] 200    32ms   34295B https://www.ss.com/msg/lv/real-estate/homes-summer-residences/riga-region/kekavas-pag/vimbukrogs/djnpm.html
[13:51:10] 200    13ms   49661B https://www.ss.com/msg/lv/transport/cars/mercedes/glc-43-amg/cekhii.html
[13:51:12] 200    26ms   17210B https://www.ss.com/msg/lv/home-stuff/furniture-interior/lusters-sconces/bdnpfj.html
[13:51:14] 200    32ms   26213B https://www.ss.com/msg/lv/real-estate/flats/riga/imanta/eiifj.html
[13:51:17] 200    51ms   24487B https://www.ss.com/msg/lv/real-estate/homes-summer-residences/riga-region/garkalnes-nov/suzi/fjexo.html
[13:51:20] 200    35ms   36654B https://www.ss.com/msg/lv/transport/cars/mercedes/c180/hoogo.html
[13:51:23] 200    34ms   24693B https://www.ss.com/msg/lv/home-stuff/furniture-interior/lusters-sconces/cxkmxj.html
[13:51:25] 200    34ms   34843B https://www.ss.com/msg/lv/real-estate/flats/riga/imanta/adknx.html
[13:51:27] 200   125ms   36867B https://www.ss.com/msg/lv/real-estate/homes-summer-residences/riga-region/garkalnes-nov/langstini/heodj.html
[13:51:30] 200     8ms   48939B https://www.ss.com/msg/lv/transport/cars/mercedes/e350/cxpgll.html
[13:51:32] 200    25ms   23104B https://www.ss.com/msg/lv/home-stuff/furniture-interior/lusters-sconces/mbmlx.html
[13:51:35] 200    68ms   37506B https://www.ss.com/msg/lv/real-estate/flats/riga/imanta/chhee.html
[13:51:38] 200   375ms   36910B https://www.ss.com/msg/lv/real-estate/homes-summer-residences/riga-region/saulkrasti/aeeei.html
[13:51:40] 200    32ms   24214B https://www.ss.com/msg/lv/transport/cars/mercedes/a200/blnnbc.html
[13:51:43] 200    28ms   17508B https://www.ss.com/msg/lv/home-stuff/furniture-interior/lusters-sconces/bhxdmb.html
[13:51:45] 200    28ms   26701B https://www.ss.com/msg/lv/real-estate/flats/riga/imanta/bdphgp.html
[13:51:48] 200    32ms   27370B https://www.ss.com/msg/lv/real-estate/homes-summer-residences/riga-region/carnikavas-nov/carnikava/ejbne.html
[13:51:50] 200    43ms   36130B https://www.ss.com/msg/lv/transport/cars/mercedes/e350/bpdich.html
[13:51:53] 200    23ms   19967B https://www.ss.com/msg/lv/home-stuff/furniture-interior/lusters-sconces/cefxxj.html
[13:51:55] 200    72ms   26110B https://www.ss.com/msg/lv/real-estate/flats/riga/imanta/bdppid.html
[13:51:58] 200    38ms   43926B https://www.ss.com/msg/lv/real-estate/homes-summer-residences/riga-region/saulkrastu-l-t/zvejniekciems/lmjjc.html
[13:52:01] 200    46ms   46668B https://www.ss.com/msg/lv/transport/cars/mercedes/a35-amg/cbolgp.html
[13:52:03] 200    30ms   17626B https://www.ss.com/msg/lv/home-stuff/furniture-interior/lusters-sconces/lhoix.html
[13:52:06] 200    35ms   28631B https://www.ss.com/msg/lv/real-estate/flats/riga/imanta/adcld.html
[13:52:08] 200    39ms   43535B https://www.ss.com/msg/lv/real-estate/homes-summer-residences/riga-region/saulkrasti/ifhlc.html
[13:52:10] 200    68ms   33220B https://www.ss.com/msg/lv/transport/cars/mercedes/sl500/anpfc.html
[13:52:13] 200    63ms   17425B https://www.ss.com/msg/lv/home-stuff/furniture-interior/lusters-sconces/kljnl.html
[13:52:16] 200    34ms   36952B https://www.ss.com/msg/lv/real-estate/flats/riga/imanta/bexool.html
[13:52:18] 200    80ms   49472B https://www.ss.com/msg/lv/real-estate/homes-summer-residences/riga-region/carnikavas-nov/garupe/hlbpj.html
[13:52:21] 200   103ms   26685B https://www.ss.com/msg/lv/transport/cars/mercedes/vito/ghhpf.html
[13:52:23] 200    43ms   18171B https://www.ss.com/msg/lv/home-stuff/furniture-interior/lusters-sconces/bepbdp.html
[13:52:26] 200    37ms   35871B https://www.ss.com/msg/lv/real-estate/flats/riga/imanta/coxfb.html
[13:52:28] 200    68ms   43202B https://www.ss.com/msg/lv/real-estate/homes-summer-residences/riga-region/olaines-pag/janupe/cgdcnc.html
[13:52:31] 200     6ms   25670B https://www.ss.com/msg/lv/transport/cars/mercedes/viano/eflon.html
[13:52:33] 200    25ms   17389B https://www.ss.com/msg/lv/home-stuff/furniture-interior/lusters-sconces/bkklnj.html
[13:52:35] 200    39ms   40759B https://www.ss.com/msg/lv/real-estate/flats/riga/imanta/epggl.html
[13:52:38] 200    40ms   39732B https://www.ss.com/msg/lv/real-estate/homes-summer-residences/riga-region/saulkrasti/jfeeb.html
[13:52:41] 200     6ms   29142B https://www.ss.com/msg/lv/transport/cars/mercedes/sprinter/cfnmeb.html
[13:52:44] 200    28ms   19346B https://www.ss.com/msg/lv/home-stuff/furniture-interior/lusters-sconces/cbili.html
[13:52:46] 200    38ms   30664B https://www.ss.com/msg/lv/real-estate/flats/riga/imanta/bblmod.html
[13:52:48] 200    51ms   47698B https://www.ss.com/msg/lv/real-estate/homes-summer-residences/riga-region/incukalna-nov/krustini/ihofg.html
[13:52:51] 200     8ms   37214B https://www.ss.com/msg/lv/transport/cars/mercedes/e200/ccixmg.html
[13:52:54] 200    28ms   18014B https://www.ss.com/msg/lv/home-stuff/furniture-interior/lusters-sconces/bcgpde.html
[13:52:57] 200    37ms   40664B https://www.ss.com/msg/lv/real-estate/flats/riga/imanta/bcbmdi.html
[13:53:00] 200    35ms   24747B https://www.ss.com/msg/lv/real-estate/homes-summer-residences/riga-region/olaines-pag/virsi/ninpe.html
[13:53:02] 200     8ms   45093B https://www.ss.com/msg/lv/transport/cars/mercedes/s320/dkokh.html
[13:53:05] 200    25ms   17541B https://www.ss.com/msg/lv/home-stuff/furniture-interior/lusters-sconces/bldiem.html
[13:53:08] 200    25ms   24164B https://www.ss.com/msg/lv/real-estate/flats/riga/imanta/ahblf.html
[13:53:10] 200    34ms   24789B https://www.ss.com/msg/lv/real-estate/homes-summer-residences/riga-region/olaines-pag/medemciems/glpjx.html
[13:53:12] 200    22ms   28066B https://www.ss.com/msg/lv/transport/cars/mercedes/s550/hjnjb.html
[13:53:15] 200    92ms   18713B https://www.ss.com/msg/lv/home-stuff/furniture-interior/lusters-sconces/bjnhll.html
[13:53:17] 200    38ms   31561B https://www.ss.com/msg/lv/real-estate/flats/riga/imanta/fbkce.html
[13:53:19] 200    34ms   32840B https://www.ss.com/msg/lv/real-estate/homes-summer-residences/riga-region/garkalnes-nov/sunisi/hxbjl.html
[13:53:22] 200    13ms   33873B https://www.ss.com/msg/lv/transport/cars/mercedes/e270/dfhie.html
[13:53:24] 200    36ms   18740B https://www.ss.com/msg/lv/home-stuff/furniture-interior/lusters-sconces/bdenfb.html
[13:53:26] 200    38ms   24797B https://www.ss.com/msg/lv/real-estate/flats/riga/imanta/amdoj.html
[13:53:29] 200     8ms   33706B https://www.ss.com/msg/lv/real-estate/homes-summer-residences/riga-region/marupes-pag/vetras/cflgci.html
[13:53:31] 200    73ms   30781B https://www.ss.com/msg/lv/transport/cars/mercedes/c220/cjine.html
[13:53:34] 200    27ms   17489B https://www.ss.com/msg/lv/home-stuff/furniture-interior/lusters-sconces/bfmdob.html
[13:53:36] 200     6ms   26674B https://www.ss.com/msg/lv/real-estate/flats/riga/imanta/achbe.html
[13:53:39] 200    35ms   33701B https://www.ss.com/msg/lv/real-estate/homes-summer-residences/riga-region/marupes-pag/vetras/cgbenn.html
[13:53:41] 200     8ms   47405B https://www.ss.com/msg/lv/transport/cars/mercedes/viano/hlggh.html
[13:53:44] 200    24ms   18967B https://www.ss.com/msg/lv/home-stuff/furniture-interior/lusters-sconces/ljedb.html
[13:53:47] 200    40ms   29983B https://www.ss.com/msg/lv/real-estate/flats/riga/imanta/gxjgc.html
[13:53:49] 200    47ms   36494B https://www.ss.com/msg/lv/real-estate/homes-summer-residences/riga-region/carnikavas-nov/carnikava/afojo.html
[13:53:51] 200     6ms   44714B https://www.ss.com/msg/lv/transport/cars/mercedes/a200/binfdg.html
[13:53:54] 200    25ms   18733B https://www.ss.com/msg/lv/home-stuff/furniture-interior/lusters-sconces/bchbkg.html
[13:53:56] 200    43ms   37552B https://www.ss.com/msg/lv/real-estate/flats/riga/imanta/amcll.html
[13:53:59] 200    10ms   47450B https://www.ss.com/msg/lv/real-estate/homes-summer-residences/riga-region/saulkrasti/gfinf.html
[13:54:02] 200     5ms   31212B https://www.ss.com/msg/lv/transport/cars/mercedes/e320/hfmlc.html
[13:54:04] 200    31ms   18857B https://www.ss.com/msg/lv/home-stuff/furniture-interior/lusters-sconces/bflxfj.html
[13:54:06] 200    32ms   28362B https://www.ss.com/msg/lv/real-estate/flats/riga/imanta/flccj.html
[13:54:09] 200    59ms   44914B https://www.ss.com/msg/lv/real-estate/homes-summer-residences/riga-region/kekavas-pag/dzerumi/nmkkh.html
[13:54:12] 200    77ms   50586B https://www.ss.com/msg/lv/transport/cars/mercedes/e350/njmmb.html
[13:54:14] 200    30ms   17484B https://www.ss.com/msg/lv/home-stuff/furniture-interior/lusters-sconces/bfbmil.html
[13:54:17] 200     7ms   27974B https://www.ss.com/msg/lv/real-estate/flats/riga/imanta/beoogf.html
[13:54:20] 200    52ms   39328B https://www.ss.com/msg/lv/real-estate/homes-summer-residences/riga-region/adazu-nov/adazi/acimm.html
[13:54:22] 200    84ms   26087B https://www.ss.com/msg/lv/transport/cars/mercedes/e320/gefjk.html
[13:54:25] 200    36ms   18902B https://www.ss.com/msg/lv/home-stuff/furniture-interior/lusters-sconces/boemg.html
[13:54:28] 200    32ms   36018B https://www.ss.com/msg/lv/real-estate/flats/riga/imanta/blfnm.html
[13:54:31] 200    51ms   50281B https://www.ss.com/msg/lv/real-estate/homes-summer-residences/riga-region/kekavas-pag/odukalns/bjilo.html
[13:54:33] 200     9ms   34642B https://www.ss.com/msg/lv/transport/cars/mercedes/ml270/abxbm.html
[13:54:35] 200    24ms   21895B https://www.ss.com/msg/lv/home-stuff/furniture-interior/lusters-sconces/fdbpl.html
[13:54:38] 200    35ms   24269B https://www.ss.com/msg/lv/real-estate/flats/riga/imanta/fkenk.html
[13:54:41] 200    33ms   29257B https://www.ss.com/msg/lv/real-estate/homes-summer-residences/riga-region/baldone/hfejo.html
[13:54:43] 200     7ms   47147B https://www.ss.com/msg/lv/transport/cars/mercedes/e300/fhjjj.html
[13:54:46] 200   129ms   19059B https://www.ss.com/msg/lv/home-stuff/furniture-interior/lusters-sconces/bigxcm.html
[13:54:48] 200    47ms   29170B https://www.ss.com/msg/lv/real-estate/flats/riga/imanta/cogbh.html
[13:54:51] 200   113ms   41198B https://www.ss.com/msg/lv/real-estate/homes-summer-residences/riga-region/kekavas-pag/katlakalns/bexxlj.html
[13:54:53] 200    55ms   21450B https://www.ss.com/msg/lv/transport/cars/mercedes/a180/bemhmn.html
[13:54:56] 200    83ms   18192B https://www.ss.com/msg/lv/home-stuff/furniture-interior/lusters-sconces/bkijex.html
[13:54:58] 200    95ms   25493B https://www.ss.com/msg/lv/real-estate/flats/riga/imanta/dnlme.html
[13:55:00] 200    39ms   34941B https://www.ss.com/msg/lv/real-estate/homes-summer-residences/riga-region/other/bdjdlh.html
[13:55:03] 200     6ms   43991B https://www.ss.com/msg/lv/transport/cars/mercedes/c220/bkxeof.html
[13:55:05] 200    27ms   18165B https://www.ss.com/msg/lv/home-stuff/furniture-interior/lusters-sconces/bipoih.html
[13:55:08] 200    32ms   29707B https://www.ss.com/msg/lv/real-estate/flats/riga/imanta/afcbx.html
[13:55:10] 200    38ms   24864B https://www.ss.com/msg/lv/real-estate/homes-summer-residences/riga-region/stopinu-nov/dzidrinas/enbed.html
[13:55:12] 200     7ms   36468B https://www.ss.com/msg/lv/transport/cars/mercedes/e220/bbcifx.html
[13:55:14] 200    28ms   18678B https://www.ss.com/msg/lv/home-stuff/furniture-interior/lusters-sconces/bkpjnf.html
[13:55:17] 200    30ms   28736B https://www.ss.com/msg/lv/real-estate/flats/riga/imanta/eelio.html
[13:55:19] 200    37ms   33193B https://www.ss.com/msg/lv/real-estate/homes-summer-residences/riga-region/salaspils-l-t/mezezeri/bgljke.html
[13:55:21] 200    17ms   39633B https://www.ss.com/msg/lv/transport/cars/mercedes/vito/bgfcb.html
[13:55:23] 200    52ms   19602B https://www.ss.com/msg/lv/home-stuff/furniture-interior/lusters-sconces/cejdik.html
[13:55:26] 200    10ms   29822B https://www.ss.com/msg/lv/real-estate/flats/riga/imanta/bexfeo.html
[13:55:29] 200    30ms   43141B https://www.ss.com/msg/lv/real-estate/homes-summer-residences/riga-region/carnikavas-nov/carnikava/ghphm.html
[13:55:32] 200    28ms   36185B https://www.ss.com/msg/lv/transport/cars/mercedes/clk270/gpook.html
[13:55:34] 200    33ms   17443B https://www.ss.com/msg/lv/home-stuff/furniture-interior/lusters-sconces/pppgj.html
[13:55:36] 200    37ms   33194B https://www.ss.com/msg/lv/real-estate/flats/riga/imanta/bemobb.html
[13:55:38] 200     6ms   33703B https://www.ss.com/msg/lv/real-estate/homes-summer-residences/riga-region/marupes-pag/marupe/bnimh.html
[13:55:41] 200     6ms   38048B https://www.ss.com/msg/lv/transport/cars/mercedes/c250/lexkb.html
[13:55:43] 200    63ms   17698B https://www.ss.com/msg/lv/home-stuff/furniture-interior/mirrors/bdmmfg.html
[13:55:46] 200    29ms   22530B https://www.ss.com/msg/lv/real-estate/flats/riga/ziepniekkalns/excig.html
[13:55:49] 200    14ms   51154B https://www.ss.com/msg/lv/real-estate/homes-summer-residences/riga-region/adazu-nov/adazi/dkxme.html
[13:55:51] 200    36ms   46634B https://www.ss.com/msg/lv/transport/cars/toyota/another/cfcogo.html
[13:55:53] 200    27ms   18565B https://www.ss.com/msg/lv/home-stuff/furniture-interior/mirrors/annhn.html
[13:55:55] 200     7ms   33952B https://www.ss.com/msg/lv/real-estate/flats/riga/ziepniekkalns/hfpno.html
[13:55:58] 200   111ms   38785B https://www.ss.com/msg/lv/real-estate/homes-summer-residences/jurmala/melluzi/behifk.html
[13:56:00] 200    31ms   36780B https://www.ss.com/msg/lv/transport/cars/toyota/corolla/dekei.html
[13:56:02] 200    38ms   21459B https://www.ss.com/msg/lv/home-stuff/furniture-interior/mirrors/blhfel.html
[13:56:05] 200    29ms   23176B https://www.ss.com/msg/lv/real-estate/flats/riga/ziepniekkalns/ajckg.html
[13:56:08] 200    35ms   45412B https://www.ss.com/msg/lv/real-estate/homes-summer-residences/jurmala/kemeri/hoxch.html
[13:56:10] 200    31ms   36029B https://www.ss.com/msg/lv/transport/cars/toyota/yaris/cdfbpl.html
[13:56:13] 200    34ms   17708B https://www.ss.com/msg/lv/home-stuff/furniture-interior/mirrors/fkbbf.html
[13:56:15] 200    40ms   27744B https://www.ss.com/msg/lv/real-estate/flats/riga/ziepniekkalns/expep.html
[13:56:18] 200     8ms   44003B https://www.ss.com/msg/lv/real-estate/homes-summer-residences/jurmala/majori/hxldl.html
[13:56:20] 200    30ms   20962B https://www.ss.com/msg/lv/transport/cars/toyota/avensis/bbnkol.html
[13:56:23] 200    24ms   18033B https://www.ss.com/msg/lv/home-stuff/furniture-interior/mirrors/bgopce.html
[13:56:25] 200    32ms   27117B https://www.ss.com/msg/lv/real-estate/flats/riga/ziepniekkalns/fdjfg.html
[13:56:28] 200    94ms   46843B https://www.ss.com/msg/lv/real-estate/homes-summer-residences/jurmala/kauguri/bcmdcc.html
[13:56:31] 200    37ms   37364B https://www.ss.com/msg/lv/transport/cars/toyota/c-hr/ccdnxn.html
[13:56:33] 200    28ms   17648B https://www.ss.com/msg/lv/home-stuff/furniture-interior/mirrors/lbjij.html
[13:56:35] 200    29ms   33880B https://www.ss.com/msg/lv/real-estate/flats/riga/ziepniekkalns/ajbxj.html
[13:56:37] 200     6ms   36717B https://www.ss.com/msg/lv/real-estate/homes-summer-residences/jurmala/bulduri/ahfmk.html
[13:56:40] 200    36ms   28492B https://www.ss.com/msg/lv/transport/cars/toyota/proace/cgphdc.html
[13:56:42] 200    27ms   20712B https://www.ss.com/msg/lv/home-stuff/furniture-interior/mirrors/kljic.html
[13:56:45] 200    27ms   26735B https://www.ss.com/msg/lv/real-estate/flats/riga/ziepniekkalns/bipdl.html
[13:56:48] 200     8ms   29586B https://www.ss.com/msg/lv/real-estate/homes-summer-residences/jurmala/bulduri/bhopb.html
[13:56:50] 200    38ms   37921B https://www.ss.com/msg/lv/transport/cars/toyota/yaris/cgeijf.html
[13:56:53] 200    27ms   17551B https://www.ss.com/msg/lv/home-stuff/furniture-interior/mirrors/aobjg.html
[13:56:55] 200    37ms   29838B https://www.ss.com/msg/lv/real-estate/flats/riga/ziepniekkalns/cpolp.html
[13:56:58] 200    93ms   45527B https://www.ss.com/msg/lv/real-estate/homes-summer-residences/jurmala/bulduri/ikjkk.html
[13:57:00] 200    45ms   50257B https://www.ss.com/msg/lv/transport/cars/toyota/c-hr/cckfce.html
[13:57:02] 200    42ms   17645B https://www.ss.com/msg/lv/home-stuff/furniture-interior/mirrors/gobld.html
[13:57:05] 200    35ms   33438B https://www.ss.com/msg/lv/real-estate/flats/riga/ziepniekkalns/agmlx.html
[13:57:08] 200    33ms   34135B https://www.ss.com/msg/lv/real-estate/homes-summer-residences/jurmala/sloka/amopm.html
[13:57:10] 200    28ms   24512B https://www.ss.com/msg/lv/transport/cars/toyota/rav-4/cexxnp.html
[13:57:12] 200    31ms   18139B https://www.ss.com/msg/lv/home-stuff/furniture-interior/mirrors/opkjk.html
[13:57:14] 200    32ms   34462B https://www.ss.com/msg/lv/real-estate/flats/riga/ziepniekkalns/bxchdc.html
[13:57:17] 200    11ms   46387B https://www.ss.com/msg/lv/real-estate/homes-summer-residences/jurmala/valteri/ccgmg.html
[13:57:19] 200     7ms   42726B https://www.ss.com/msg/lv/transport/cars/toyota/rav-4/cdlgjl.html
[13:57:22] 200    35ms   21437B https://www.ss.com/msg/lv/home-stuff/furniture-interior/mirrors/pngec.html
[13:57:24] 200    37ms   33263B https://www.ss.com/msg/lv/real-estate/flats/riga/ziepniekkalns/blbbg.html
[13:57:26] 200    33ms   28994B https://www.ss.com/msg/lv/real-estate/homes-summer-residences/jurmala/melluzi/bfxelb.html
[13:57:28] 200    36ms   41347B https://www.ss.com/msg/lv/transport/cars/toyota/prius/ldmpo.html
[13:57:31] 200    26ms   17598B https://www.ss.com/msg/lv/home-stuff/furniture-interior/mirrors/ldbeh.html
[13:57:34] 200    52ms   33698B https://www.ss.com/msg/lv/real-estate/flats/riga/ziepniekkalns/fppok.html
[13:57:36] 200    43ms   46161B https://www.ss.com/msg/lv/real-estate/homes-summer-residences/jurmala/priedaine/hfoog.html
[13:57:38] 200    35ms   41260B https://www.ss.com/msg/lv/transport/cars/toyota/highlander/jjegp.html
[13:57:41] 200    25ms   17653B https://www.ss.com/msg/lv/home-stuff/furniture-interior/mirrors/bfnhge.html
[13:57:43] 200    41ms   28938B https://www.ss.com/msg/lv/real-estate/flats/riga/ziepniekkalns/ajbbb.html
[13:57:46] 200    36ms   39482B https://www.ss.com/msg/lv/real-estate/homes-summer-residences/jurmala/dubulti/abdck.html
[13:57:48] 200    34ms   22780B https://www.ss.com/msg/lv/transport/cars/toyota/avensis/gcejk.html
[13:57:51] 200    25ms   17859B https://www.ss.com/msg/lv/home-stuff/furniture-interior/mirrors/bfnnce.html
[13:57:53] 200    32ms   28580B https://www.ss.com/msg/lv/real-estate/flats/riga/ziepniekkalns/dndhf.html
[13:57:55] 200    45ms   49175B https://www.ss.com/msg/lv/real-estate/homes-summer-residences/jurmala/dzintari/ahpmi.html
[13:57:58] 200    56ms   25734B https://www.ss.com/msg/lv/transport/cars/toyota/avensis/bdpjbl.html
[13:58:00] 200    26ms   17509B https://www.ss.com/msg/lv/home-stuff/furniture-interior/mirrors/cdipin.html
[13:58:03] 200    37ms   43481B https://www.ss.com/msg/lv/real-estate/flats/riga/ziepniekkalns/aaecp.html
[13:58:05] 200     8ms   33207B https://www.ss.com/msg/lv/real-estate/homes-summer-residences/jurmala/other/ilkbo.html
[13:58:08] 200    37ms   28724B https://www.ss.com/msg/lv/transport/cars/toyota/avensis-verso/blkche.html
[13:58:11] 200    27ms   17518B https://www.ss.com/msg/lv/home-stuff/furniture-interior/mirrors/bjckmo.html
[13:58:14] 200    37ms   24140B https://www.ss.com/msg/lv/real-estate/flats/riga/ziepniekkalns/glnfn.html
[13:58:16] 200     5ms   23935B https://www.ss.com/msg/lv/real-estate/homes-summer-residences/jurmala/pumpuri/bcogx.html
[13:58:19] 200    17ms   29167B https://www.ss.com/msg/lv/transport/cars/toyota/proace/ccggjc.html
[13:58:21] 200    29ms   22369B https://www.ss.com/msg/lv/home-stuff/furniture-interior/mirrors/bbgofe.html
[13:58:23] 200    33ms   20748B https://www.ss.com/msg/lv/real-estate/flats/riga/ziepniekkalns/eoelg.html
[13:58:25] 200    41ms   49086B https://www.ss.com/msg/lv/real-estate/homes-summer-residences/jurmala/dzintari/bhinoj.html
[13:58:28] 200    42ms   44315B https://www.ss.com/msg/lv/transport/cars/toyota/corolla/cdofgn.html
[13:58:30] 200    29ms   17528B https://www.ss.com/msg/lv/home-stuff/furniture-interior/mirrors/bknclp.html
[13:58:33] 200    32ms   36077B https://www.ss.com/msg/lv/real-estate/flats/riga/ziepniekkalns/eolmk.html
[13:58:36] 200    77ms   32421B https://www.ss.com/msg/lv/real-estate/homes-summer-residences/jurmala/bulluciems/bligod.html
[13:58:39] 200   456ms   43549B https://www.ss.com/msg/lv/transport/cars/toyota/corolla-verso/boneln.html
[13:58:41] 200    26ms   21179B https://www.ss.com/msg/lv/home-stuff/furniture-interior/mirrors/cepfol.html
[13:58:43] 200    31ms   26507B https://www.ss.com/msg/lv/real-estate/flats/riga/ziepniekkalns/fjkcd.html
[13:58:45] 200    32ms   45615B https://www.ss.com/msg/lv/real-estate/homes-summer-residences/jurmala/bulduri/bbxikf.html
[13:58:47] 200    37ms   36610B https://www.ss.com/msg/lv/transport/cars/toyota/auris/ccjdfn.html
[13:58:50] 200    37ms   19814B https://www.ss.com/msg/lv/home-stuff/furniture-interior/mirrors/dmmpm.html
[13:58:52] 200    31ms   27457B https://www.ss.com/msg/lv/real-estate/flats/riga/ziepniekkalns/cmjjo.html
[13:58:55] 200     5ms   24306B https://www.ss.com/msg/lv/real-estate/homes-summer-residences/jurmala/dzintari/hdhmk.html
[13:58:57] 200   151ms   48086B https://www.ss.com/msg/lv/transport/cars/toyota/corolla-wagon/nogcg.html
[13:59:00] 200    22ms   19817B https://www.ss.com/msg/lv/home-stuff/furniture-interior/mirrors/bbjcki.html
[13:59:03] 200    35ms   27390B https://www.ss.com/msg/lv/real-estate/flats/riga/ziepniekkalns/agmjh.html
[13:59:05] 200    37ms   38999B https://www.ss.com/msg/lv/real-estate/homes-summer-residences/jurmala/lielupe/bgdhlo.html
[13:59:08] 200    38ms   38636B https://www.ss.com/msg/lv/transport/cars/toyota/c-hr/ccfdjn.html
[13:59:11] 200    27ms   19782B https://www.ss.com/msg/lv/home-stuff/furniture-interior/mirrors/moekj.html
[13:59:13] 200    27ms   28060B https://www.ss.com/msg/lv/real-estate/flats/riga/ziepniekkalns/fpgix.html
[13:59:15] 200    30ms   27530B https://www.ss.com/msg/lv/real-estate/homes-summer-residences/jurmala/kemeri/bhhff.html
[13:59:18] 200    48ms   39894B https://www.ss.com/msg/lv/transport/cars/toyota/auris/bkhbhm.html
[13:59:21] 200    28ms   19836B https://www.ss.com/msg/lv/home-stuff/furniture-interior/mirrors/bbjcff.html
[13:59:24] 200     6ms   29964B https://www.ss.com/msg/lv/real-estate/flats/riga/ziepniekkalns/gfcbd.html
[13:59:26] 200    32ms   47071B https://www.ss.com/msg/lv/real-estate/homes-summer-residences/jurmala/lielupe/hcgdf.html
[13:59:28] 200    35ms   39425B https://www.ss.com/msg/lv/transport/cars/toyota/auris/bpfecl.html
[13:59:31] 200    26ms   17627B https://www.ss.com/msg/lv/home-stuff/furniture-interior/mirrors/cfcbhd.html
[13:59:33] 200    33ms   32435B https://www.ss.com/msg/lv/real-estate/flats/riga/ziepniekkalns/dmkgl.html
[13:59:36] 200     9ms   45037B https://www.ss.com/msg/lv/real-estate/homes-summer-residences/jurmala/bulduri/ahgko.html
[13:59:38] 200    35ms   43533B https://www.ss.com/msg/lv/transport/cars/toyota/auris/bcdldc.html
[13:59:40] 200    36ms   18857B https://www.ss.com/msg/lv/home-stuff/furniture-interior/mirrors/bioixm.html
[13:59:43] 200    11ms   25970B https://www.ss.com/msg/lv/real-estate/flats/riga/ziepniekkalns/bxcjml.html
[13:59:45] 200    34ms   42909B https://www.ss.com/msg/lv/real-estate/homes-summer-residences/jurmala/vaivari/ekggg.html
[13:59:47] 200    38ms   42996B https://www.ss.com/msg/lv/transport/cars/toyota/corolla/cdxcpg.html
[13:59:50] 200    30ms   20139B https://www.ss.com/msg/lv/home-stuff/furniture-interior/mirrors/biebi.html
[13:59:53] 200    31ms   24426B https://www.ss.com/msg/lv/real-estate/flats/riga/ziepniekkalns/bxcdhe.html
[13:59:55] 200    40ms   48127B https://www.ss.com/msg/lv/real-estate/homes-summer-residences/jurmala/melluzi/fjnbp.html
[13:59:58] 200    81ms   45100B https://www.ss.com/msg/lv/transport/cars/toyota/avensis/bhbcnf.html
[14:00:01] 200    37ms   18019B https://www.ss.com/msg/lv/home-stuff/furniture-interior/mirrors/blecbd.html
[14:00:03] 200    25ms   28963B https://www.ss.com/msg/lv/real-estate/flats/riga/ziepniekkalns/dndke.html
[14:00:06] 200     6ms   47618B https://www.ss.com/msg/lv/real-estate/homes-summer-residences/jurmala/majori/aaakh.html
[14:00:08] 200    78ms   41562B https://www.ss.com/msg/lv/transport/cars/toyota/avensis/cedhfn.html
[14:00:10] 200    50ms   17756B https://www.ss.com/msg/lv/home-stuff/furniture-interior/mirrors/bgnepn.html
[14:00:13] 200     5ms   31926B https://www.ss.com/msg/lv/real-estate/flats/riga/ziepniekkalns/acopx.html
[14:00:15] 200    28ms   36664B https://www.ss.com/msg/lv/real-estate/homes-summer-residences/jurmala/asari/eihfe.html
[14:00:17] 200    37ms   41667B https://www.ss.com/msg/lv/transport/cars/toyota/avensis/cexffm.html
[14:00:20] 200    42ms   17731B https://www.ss.com/msg/lv/home-stuff/furniture-interior/mirrors/bbjmbp.html
[14:00:22] 200    29ms   24075B https://www.ss.com/msg/lv/real-estate/flats/riga/ziepniekkalns/foxln.html
[14:00:25] 200    31ms   28445B https://www.ss.com/msg/lv/real-estate/homes-summer-residences/jurmala/valteri/aikxn.html
[14:00:28] 200    81ms   42168B https://www.ss.com/msg/lv/transport/cars/toyota/avensis/bbpgff.html
[14:00:30] 200    78ms   18293B https://www.ss.com/msg/lv/home-stuff/furniture-interior/mirrors/bdmgce.html
[14:00:33] 200   177ms   43767B https://www.ss.com/msg/lv/real-estate/flats/riga/ziepniekkalns/dxklj.html
[14:00:35] 200   107ms   23083B https://www.ss.com/msg/lv/real-estate/homes-summer-residences/jurmala/lielupe/imnii.html
[14:00:38] 200    36ms   45171B https://www.ss.com/msg/lv/transport/cars/toyota/corolla-verso/bmkkjd.html
[14:00:41] 200    27ms   17464B https://www.ss.com/msg/lv/home-stuff/furniture-interior/chairs/bilohc.html
[14:00:43] 200    35ms   37680B https://www.ss.com/msg/lv/real-estate/flats/riga/kengarags/noipl.html
[14:00:45] 200    38ms   40897B https://www.ss.com/msg/lv/real-estate/homes-summer-residences/jurmala/melluzi/idnxk.html
[14:00:48] 200    32ms   34362B https://www.ss.com/msg/lv/transport/cars/toyota/proace/cgkedf.html
[14:00:51] 200    35ms   26787B https://www.ss.com/msg/lv/home-stuff/furniture-interior/chairs/bigelo.html
[14:00:54] 200     6ms   29400B https://www.ss.com/msg/lv/real-estate/flats/riga/kengarags/bdpnxf.html
[14:00:57] 200    35ms   25269B https://www.ss.com/msg/lv/real-estate/homes-summer-residences/riga-region/baldone/bhbio.html
[14:01:00] 200    34ms   33305B https://www.ss.com/msg/lv/transport/cars/toyota/verso/blnbnc.html
[14:01:02] 200    30ms   25597B https://www.ss.com/msg/lv/home-stuff/furniture-interior/chairs/bifiee.html
[14:01:04] 200    13ms   34419B https://www.ss.com/msg/lv/real-estate/flats/riga/kengarags/dxkmb.html
[14:01:06] 200    59ms   45329B https://www.ss.com/msg/lv/real-estate/homes-summer-residences/riga-region/salaspils/ciofl.html
[14:01:09] 200    44ms   39653B https://www.ss.com/msg/lv/transport/cars/toyota/corolla/blehbm.html
[14:01:11] 200    32ms   27277B https://www.ss.com/msg/lv/home-stuff/furniture-interior/chairs/bipegm.html
[14:01:14] 200     5ms   27482B https://www.ss.com/msg/lv/real-estate/flats/riga/kengarags/bjmfdm.html
[14:01:16] 200    33ms   36952B https://www.ss.com/msg/lv/real-estate/homes-summer-residences/riga-region/marupes-pag/marupe/aebxe.html
[14:01:19] 200    36ms   39418B https://www.ss.com/msg/lv/transport/cars/toyota/rav-4/cenhbm.html
[14:01:21] 200    26ms   24336B https://www.ss.com/msg/lv/home-stuff/furniture-interior/chairs/flxpn.html
[14:01:24] 200    32ms   23372B https://www.ss.com/msg/lv/real-estate/flats/riga/kengarags/fxlen.html
[14:01:27] 200    36ms   40803B https://www.ss.com/msg/lv/real-estate/homes-summer-residences/riga-region/garkalnes-nov/bukulti/meijc.html
[14:01:30] 200   189ms   39278B https://www.ss.com/msg/lv/transport/cars/toyota/rav-4/cghchn.html
[14:01:33] 200    26ms   23059B https://www.ss.com/msg/lv/home-stuff/furniture-interior/chairs/bxdkbn.html
[14:01:36] 200    48ms   21476B https://www.ss.com/msg/lv/real-estate/flats/riga/kengarags/abhjl.html
[14:01:38] 200    29ms   35520B https://www.ss.com/msg/lv/real-estate/homes-summer-residences/riga-region/kekavas-pag/dzerumi/cgoxkf.html
[14:01:41] 200    39ms   45460B https://www.ss.com/msg/lv/transport/cars/toyota/rav-4/ccjdjf.html
[14:01:43] 200    30ms   26322B https://www.ss.com/msg/lv/home-stuff/furniture-interior/chairs/bicpkh.html
[14:01:46] 200    34ms   30212B https://www.ss.com/msg/lv/real-estate/flats/riga/kengarags/bexljd.html
[14:01:49] 200    30ms   23213B https://www.ss.com/msg/lv/real-estate/homes-summer-residences/riga-region/incukalna-nov/klavas/cxxcc.html
[14:01:52] 200    32ms   24219B https://www.ss.com/msg/lv/transport/cars/toyota/avensis/cdnlmf.html
[14:01:54] 200    28ms   25997B https://www.ss.com/msg/lv/home-stuff/furniture-interior/chairs/bcienm.html
[14:01:56] 200    30ms   29132B https://www.ss.com/msg/lv/real-estate/flats/riga/kengarags/bbjjkx.html
[14:01:59] 200   144ms   32668B https://www.ss.com/msg/lv/real-estate/homes-summer-residences/riga-region/garkalnes-nov/becbmo.html
[14:02:01] 200    44ms   48211B https://www.ss.com/msg/lv/transport/cars/toyota/corolla-cross/cgxmfp.html
[14:02:03] 200    34ms   27323B https://www.ss.com/msg/lv/home-stuff/furniture-interior/chairs/bhmfmg.html
[14:02:06] 200     6ms   31005B https://www.ss.com/msg/lv/real-estate/flats/riga/kengarags/bjmffx.html
[14:02:08] 200    37ms   42938B https://www.ss.com/msg/lv/real-estate/homes-summer-residences/riga-region/kekavas-pag/katlakalns/emfok.html
[14:02:10] 200    43ms   43775B https://www.ss.com/msg/lv/transport/cars/toyota/rav-4/cemhbx.html
[14:02:13] 200    35ms   23565B https://www.ss.com/msg/lv/home-stuff/furniture-interior/chairs/bcimfk.html
[14:02:16] 200    30ms   27140B https://www.ss.com/msg/lv/real-estate/flats/riga/kengarags/ecdbx.html
[14:02:19] 200    54ms   38639B https://www.ss.com/msg/lv/real-estate/homes-summer-residences/riga-region/olaines-pag/janupe/ogigd.html
[14:02:21] 200    65ms   41993B https://www.ss.com/msg/lv/transport/cars/toyota/proace/cgxkbm.html
[14:02:24] 200    27ms   17977B https://www.ss.com/msg/lv/home-stuff/furniture-interior/chairs/kimcb.html
[14:02:26] 200    32ms   33199B https://www.ss.com/msg/lv/real-estate/flats/riga/kengarags/befedg.html
[14:02:28] 200   107ms   41083B https://www.ss.com/msg/lv/real-estate/homes-summer-residences/riga-region/allazu-pag/stiveri/jnkfd.html
[14:02:31] 200    56ms   47452B https://www.ss.com/msg/lv/transport/cars/toyota/corolla/cxonp.html
[14:02:34] 200    25ms   19152B https://www.ss.com/msg/lv/home-stuff/furniture-interior/chairs/jpfxj.html
[14:02:36] 200    13ms   28029B https://www.ss.com/msg/lv/real-estate/flats/riga/kengarags/bdpnce.html
[14:02:39] 200    40ms   32073B https://www.ss.com/msg/lv/real-estate/homes-summer-residences/riga-region/saulkrasti/icxop.html
[14:02:41] 200    72ms   33313B https://www.ss.com/msg/lv/transport/cars/toyota/corolla-verso/bjpppn.html
[14:02:44] 200    28ms   17938B https://www.ss.com/msg/lv/home-stuff/furniture-interior/chairs/bkknfh.html
[14:02:47] 200    31ms   29083B https://www.ss.com/msg/lv/real-estate/flats/riga/kengarags/gbkji.html
[14:02:50] 200    14ms   32917B https://www.ss.com/msg/lv/real-estate/homes-summer-residences/riga-region/sigulda/egpkp.html
[14:02:53] 200    46ms   39955B https://www.ss.com/msg/lv/transport/cars/toyota/corolla/eefol.html
[14:02:55] 200    36ms   18272B https://www.ss.com/msg/lv/home-stuff/furniture-interior/chairs/bxhloh.html
[14:02:58] 200    36ms   30569B https://www.ss.com/msg/lv/real-estate/flats/riga/kengarags/belhic.html
[14:03:01] 200    50ms   49491B https://www.ss.com/msg/lv/real-estate/homes-summer-residences/riga-region/garkalnes-nov/langstini/adojg.html
[14:03:03] 200    38ms   49829B https://www.ss.com/msg/lv/transport/cars/toyota/yaris/ffxod.html
[14:03:05] 200    37ms   24026B https://www.ss.com/msg/lv/home-stuff/furniture-interior/chairs/blbibx.html
[14:03:07] 200     6ms   30699B https://www.ss.com/msg/lv/real-estate/flats/riga/kengarags/doxfg.html
[14:03:10] 200   105ms   42426B https://www.ss.com/msg/lv/real-estate/homes-summer-residences/riga-region/marupes-pag/marupe/ffbbj.html
[14:03:13] 200    37ms   41563B https://www.ss.com/msg/lv/transport/cars/toyota/yaris/cgghbc.html
[14:03:16] 200    25ms   26771B https://www.ss.com/msg/lv/home-stuff/furniture-interior/chairs/biicml.html
[14:03:18] 200    43ms   34125B https://www.ss.com/msg/lv/real-estate/flats/riga/kengarags/eblnb.html
[14:03:20] 200    26ms   29334B https://www.ss.com/msg/lv/real-estate/homes-summer-residences/riga-region/kekavas-pag/kekava/bgbho.html
[14:03:23] 200    32ms   38314B https://www.ss.com/msg/lv/transport/cars/toyota/proace/ccxdbl.html
[14:03:25] 200    34ms   24945B https://www.ss.com/msg/lv/home-stuff/furniture-interior/chairs/bjfmxk.html
[14:03:27] 200     7ms   34671B https://www.ss.com/msg/lv/real-estate/flats/riga/kengarags/bbjcbx.html
[14:03:30] 200    33ms   25989B https://www.ss.com/msg/lv/real-estate/homes-summer-residences/riga-region/salaspils-l-t/saulkalne/ocfkf.html
[14:03:33] 200    40ms   37234B https://www.ss.com/msg/lv/transport/cars/toyota/proace/cboone.html
[14:03:35] 200    33ms   23112B https://www.ss.com/msg/lv/home-stuff/furniture-interior/chairs/beifxi.html
[14:03:37] 200    36ms   29913B https://www.ss.com/msg/lv/real-estate/flats/riga/kengarags/aghkn.html
[14:03:40] 200    33ms   32700B https://www.ss.com/msg/lv/real-estate/homes-summer-residences/riga-region/kekavas-pag/kekava/ahdel.html
[14:03:42] 200    38ms   49308B https://www.ss.com/msg/lv/transport/cars/toyota/rav-4/cbonbe.html
[14:03:44] 200    26ms   17187B https://www.ss.com/msg/lv/home-stuff/furniture-interior/chairs/ciknc.html
[14:03:47] 200    39ms   26884B https://www.ss.com/msg/lv/real-estate/flats/riga/kengarags/gjpnl.html
[14:03:50] 200    85ms   25430B https://www.ss.com/msg/lv/real-estate/homes-summer-residences/riga-region/incukalna-nov/eglupe/hmhfo.html
[14:03:52] 200    41ms   45367B https://www.ss.com/msg/lv/transport/cars/toyota/avensis/bdpjxn.html
[14:03:54] 200    22ms   18611B https://www.ss.com/msg/lv/home-stuff/furniture-interior/chairs/nmedb.html
[14:03:57] 200    50ms   36456B https://www.ss.com/msg/lv/real-estate/flats/riga/kengarags/bjodki.html
[14:03:59] 200   203ms   56940B https://www.ss.com/msg/lv/real-estate/homes-summer-residences/riga-region/adazu-nov/kadaga/bgnegl.html
[14:04:02] 200    36ms   24207B https://www.ss.com/msg/lv/transport/cars/toyota/land-cruiser/ejixf.html
[14:04:05] 200    44ms   18015B https://www.ss.com/msg/lv/home-stuff/furniture-interior/chairs/bnlgmp.html
[14:04:07] 200    35ms   21034B https://www.ss.com/msg/lv/real-estate/flats/riga/kengarags/beelgk.html
[14:04:09] 200    15ms   56096B https://www.ss.com/msg/lv/real-estate/homes-summer-residences/riga-region/saulkrasti/bbgcl.html
[14:04:12] 200    86ms   44008B https://www.ss.com/msg/lv/transport/cars/toyota/yaris/ceiddb.html
[14:04:14] 200    31ms   18616B https://www.ss.com/msg/lv/home-stuff/furniture-interior/chairs/fglcc.html
[14:04:17] 200    67ms   27456B https://www.ss.com/msg/lv/real-estate/flats/riga/kengarags/behkk.html
[14:04:19] 200    59ms   47883B https://www.ss.com/msg/lv/real-estate/homes-summer-residences/riga-region/saulkrastu-l-t/bcijfi.html
[14:04:21] 200    38ms   28925B https://www.ss.com/msg/lv/transport/cars/toyota/corolla-verso/cennlm.html
[14:04:23] 200    29ms   20347B https://www.ss.com/msg/lv/home-stuff/furniture-interior/chairs/ccmlio.html
[14:04:26] 200    36ms   24714B https://www.ss.com/msg/lv/real-estate/flats/riga/kengarags/dfpnf.html
[14:04:28] 200    47ms   42778B https://www.ss.com/msg/lv/real-estate/homes-summer-residences/riga-region/balozi/ccnnl.html
[14:04:31] 200    37ms   34822B https://www.ss.com/msg/lv/transport/cars/toyota/yaris/cgpgph.html
[14:04:34] 200    52ms   20960B https://www.ss.com/msg/lv/home-stuff/furniture-interior/chairs/cdjobk.html
[14:04:36] 200    32ms   29029B https://www.ss.com/msg/lv/real-estate/flats/riga/kengarags/hgnod.html
[14:04:38] 200    50ms   26108B https://www.ss.com/msg/lv/real-estate/homes-summer-residences/riga-region/olaine/biokmf.html
[14:04:40] 200    35ms   27836B https://www.ss.com/msg/lv/transport/cars/toyota/hilux/ccxxjh.html
[14:04:43] 200    49ms   17256B https://www.ss.com/msg/lv/home-stuff/furniture-interior/chairs/bjcfjf.html
[14:04:46] 200    15ms   37297B https://www.ss.com/msg/lv/real-estate/flats/riga/kengarags/aigmm.html
[14:04:48] 200    38ms   46246B https://www.ss.com/msg/lv/real-estate/homes-summer-residences/riga-region/babites-pag/mezares/gcemb.html
[14:04:50] 200    43ms   33564B https://www.ss.com/msg/lv/transport/cars/toyota/urban-cruiser/cdhopl.html
[14:04:53] 200    30ms   17183B https://www.ss.com/msg/lv/home-stuff/furniture-interior/chairs/kbiob.html
[14:04:56] 200    39ms   32224B https://www.ss.com/msg/lv/real-estate/flats/riga/kengarags/bjmfeo.html
[14:04:58] 200     9ms   32536B https://www.ss.com/msg/lv/real-estate/homes-summer-residences/riga-region/baldone/bhbkk.html
[14:05:00] 200    36ms   31111B https://www.ss.com/msg/lv/transport/cars/toyota/avensis/bkohno.html
[14:05:03] 200    87ms   24471B https://www.ss.com/msg/lv/home-stuff/furniture-interior/chairs/boicof.html
[14:05:05] 200    35ms   28759B https://www.ss.com/msg/lv/real-estate/flats/riga/kengarags/dmfkn.html
[14:05:07] 200    35ms   35984B https://www.ss.com/msg/lv/real-estate/homes-summer-residences/riga-region/marupes-pag/marupe/bokbl.html
[14:05:10] 200    41ms   30833B https://www.ss.com/msg/lv/transport/cars/toyota/proace/cgpghl.html
[14:05:13] 200    25ms   19310B https://www.ss.com/msg/lv/home-stuff/furniture-interior/chairs/behmjj.html
[14:05:16] 200    34ms   26261B https://www.ss.com/msg/lv/real-estate/flats/riga/kengarags/aggoe.html
[14:05:18] 200    41ms   57967B https://www.ss.com/msg/lv/real-estate/homes-summer-residences/riga-region/garkalnes-nov/priedkalne/acimb.html
[14:05:21] 200    40ms   30510B https://www.ss.com/msg/lv/transport/cars/toyota/yaris/beice.html
[14:05:23] 200    27ms   17128B https://www.ss.com/msg/lv/home-stuff/furniture-interior/chairs/aljjd.html
[14:05:25] 200    40ms   40877B https://www.ss.com/msg/lv/real-estate/flats/riga/kengarags/gjjji.html
[14:05:28] 200    36ms   46938B https://www.ss.com/msg/lv/real-estate/homes-summer-residences/riga-region/kekavas-pag/ramava/bblbe.html
[14:05:31] 200    40ms   33381B https://www.ss.com/msg/lv/transport/cars/toyota/yaris/bjeebf.html
[14:05:33] 200    23ms   21436B https://www.ss.com/msg/lv/home-stuff/furniture-interior/chairs/beifib.html
[14:05:36] 200    45ms   38077B https://www.ss.com/msg/lv/real-estate/flats/riga/kengarags/fdxod.html
[14:05:39] 200    59ms   34851B https://www.ss.com/msg/lv/real-estate/homes-summer-residences/riga-region/adazu-nov/adazi/dlgne.html
[14:05:42] 200    51ms   47026B https://www.ss.com/msg/lv/transport/cars/toyota/corolla/eildf.html
[14:05:43] 200    30ms   17494B https://www.ss.com/msg/lv/home-stuff/furniture-interior/carpets/ehcpj.html
[14:05:46] 200    30ms   22300B https://www.ss.com/msg/lv/real-estate/flats/riga/yugla/oiddg.html
[14:05:48] 200    41ms   44468B https://www.ss.com/msg/lv/real-estate/homes-summer-residences/riga-region/carnikavas-nov/garciems/hldni.html
[14:05:51] 200    40ms   41828B https://www.ss.com/msg/lv/transport/cars/volvo/xc60/cfehfl.html
[14:05:53] 200    28ms   18729B https://www.ss.com/msg/lv/home-stuff/furniture-interior/carpets/gkgkm.html
[14:05:56] 200    75ms   30158B https://www.ss.com/msg/lv/real-estate/flats/riga/yugla/djfeg.html
[14:05:58] 200    32ms   36988B https://www.ss.com/msg/lv/real-estate/homes-summer-residences/jurmala/dubulti/bpdgf.html
[14:06:01] 200    14ms   47258B https://www.ss.com/msg/lv/transport/cars/volvo/xc70/cgfnxj.html
[14:06:03] 200    28ms   17506B https://www.ss.com/msg/lv/home-stuff/furniture-interior/carpets/bgpheb.html
[14:06:06] 200    52ms   35246B https://www.ss.com/msg/lv/real-estate/flats/riga/yugla/gilho.html
[14:06:08] 200    62ms   27411B https://www.ss.com/msg/lv/real-estate/homes-summer-residences/jurmala/majori/hppjl.html
[14:06:10] 200    48ms   31124B https://www.ss.com/msg/lv/transport/cars/volvo/xc90/cdcjdf.html
[14:06:13] 200    28ms   19579B https://www.ss.com/msg/lv/home-stuff/furniture-interior/carpets/bbiepj.html
[14:06:15] 200    31ms   31735B https://www.ss.com/msg/lv/real-estate/flats/riga/yugla/excpo.html
[14:06:18] 200    34ms   38388B https://www.ss.com/msg/lv/real-estate/homes-summer-residences/jurmala/dubulti/bxpnee.html
[14:06:21] 200   119ms   45336B https://www.ss.com/msg/lv/transport/cars/volvo/xc60/cboljb.html
[14:06:24] 200    23ms   18210B https://www.ss.com/msg/lv/home-stuff/furniture-interior/carpets/bifong.html
[14:06:26] 200    33ms   40937B https://www.ss.com/msg/lv/real-estate/flats/riga/yugla/adgfc.html
[14:06:28] 200    29ms   24789B https://www.ss.com/msg/lv/real-estate/homes-summer-residences/jurmala/lielupe/ijnlk.html
[14:06:31] 200   149ms   27414B https://www.ss.com/msg/lv/transport/cars/volvo/v50/cefkid.html
[14:06:33] 200    37ms   17379B https://www.ss.com/msg/lv/home-stuff/furniture-interior/carpets/jxphg.html
[14:06:36] 200    62ms   22770B https://www.ss.com/msg/lv/real-estate/flats/riga/yugla/cbgmj.html
[14:06:38] 200    38ms   36614B https://www.ss.com/msg/lv/real-estate/homes-summer-residences/jurmala/bulduri/blnln.html
[14:06:41] 200    42ms   48017B https://www.ss.com/msg/lv/transport/cars/volvo/v90/ccklec.html
[14:06:43] 200    25ms   17836B https://www.ss.com/msg/lv/home-stuff/furniture-interior/carpets/bbdohn.html
[14:06:45] 200    86ms   29546B https://www.ss.com/msg/lv/real-estate/flats/riga/yugla/chxko.html
[14:06:48] 200   107ms   32926B https://www.ss.com/msg/lv/real-estate/homes-summer-residences/jurmala/majori/jdnlg.html
[14:06:50] 200    47ms   43784B https://www.ss.com/msg/lv/transport/cars/volvo/xc70/cgidhl.html
[14:06:52] 200    29ms   18455B https://www.ss.com/msg/lv/home-stuff/furniture-interior/carpets/bibbxd.html
[14:06:54] 200    33ms   35063B https://www.ss.com/msg/lv/real-estate/flats/riga/yugla/dmikd.html
[14:06:56] 200    35ms   27242B https://www.ss.com/msg/lv/real-estate/homes-summer-residences/jurmala/bulduri/bbcnpe.html
[14:06:59] 200   125ms   31845B https://www.ss.com/msg/lv/transport/cars/volvo/s80/bxfen.html
[14:07:01] 200    59ms   18053B https://www.ss.com/msg/lv/home-stuff/furniture-interior/carpets/cxbcex.html
[14:07:03] 200   114ms   27971B https://www.ss.com/msg/lv/real-estate/flats/riga/yugla/bekfjf.html
[14:07:06] 200     6ms   45562B https://www.ss.com/msg/lv/real-estate/homes-summer-residences/jurmala/asari/bffdjh.html
[14:07:09] 200    12ms   36837B https://www.ss.com/msg/lv/transport/cars/volvo/xc90/bnbeom.html
[14:07:11] 200    30ms   24945B https://www.ss.com/msg/lv/home-stuff/furniture-interior/carpets/jnddi.html
[14:07:14] 200    31ms   36874B https://www.ss.com/msg/lv/real-estate/flats/riga/yugla/nlkdl.html
[14:07:17] 200    40ms   25681B https://www.ss.com/msg/lv/real-estate/homes-summer-residences/jurmala/sloka/aihdh.html
[14:07:19] 200    55ms   40535B https://www.ss.com/msg/lv/transport/cars/volvo/v50/bhlxxg.html
[14:07:22] 200   111ms   17455B https://www.ss.com/msg/lv/home-stuff/furniture-interior/carpets/bihpeo.html
[14:07:24] 200    33ms   35129B https://www.ss.com/msg/lv/real-estate/flats/riga/yugla/nkpeo.html
[14:07:27] 200    57ms   44766B https://www.ss.com/msg/lv/real-estate/homes-summer-residences/jurmala/lielupe/necki.html
[14:07:29] 200   103ms   47089B https://www.ss.com/msg/lv/transport/cars/volvo/v70/bkmcmk.html
[14:07:32] 200    25ms   18089B https://www.ss.com/msg/lv/home-stuff/furniture-interior/carpets/mbkdk.html
[14:07:34] 200    35ms   29632B https://www.ss.com/msg/lv/real-estate/flats/riga/yugla/oeepj.html
[14:07:36] 200    38ms   42223B https://www.ss.com/msg/lv/real-estate/homes-summer-residences/jurmala/lielupe/bblnnd.html
[14:07:39] 200    39ms   46289B https://www.ss.com/msg/lv/transport/cars/volvo/xc60/bfceck.html
[14:07:42] 200    42ms   24800B https://www.ss.com/msg/lv/home-stuff/furniture-interior/carpets/hembj.html
[14:07:44] 200    28ms   22583B https://www.ss.com/msg/lv/real-estate/flats/riga/yugla/hblxo.html
[14:07:47] 200    36ms   40460B https://www.ss.com/msg/lv/real-estate/homes-summer-residences/jurmala/vaivari/kcxnn.html
[14:07:50] 200    36ms   41691B https://www.ss.com/msg/lv/transport/cars/volvo/xc90/becxjk.html
[14:07:52] 200    24ms   17521B https://www.ss.com/msg/lv/home-stuff/furniture-interior/carpets/bbxllg.html
[14:07:55] 200    32ms   28493B https://www.ss.com/msg/lv/real-estate/flats/riga/yugla/bgfjm.html
[14:07:57] 200    39ms   48046B https://www.ss.com/msg/lv/real-estate/homes-summer-residences/jurmala/asari/bdxnlf.html
[14:08:00] 200    53ms   45920B https://www.ss.com/msg/lv/transport/cars/volvo/xc60/cgoemk.html
[14:08:03] 200    29ms   20141B https://www.ss.com/msg/lv/home-stuff/furniture-interior/carpets/bgmljk.html
[14:08:06] run finished: {"source":"ss","requests":714,"new_rows":669,"updated_rows":196,"expired_rows":0,"rejected":{"few_photos":4,"m2_outlier":6,"dup_attrs":10,"dup_photo":10,"price_high":1},"errors":13,"listPages":146,"detailPages":700,"zeroRowPages":5}
[14:08:06] zero-row list pages (unknown slugs or index pages):
  https://www.ss.com/lv/real-estate/flats/riga-region/sell/
  https://www.ss.com/lv/real-estate/flats/liepaja/sell/
  https://www.ss.com/lv/real-estate/flats/daugavpils/sell/
  https://www.ss.com/lv/real-estate/flats/jelgava/sell/
  https://www.ss.com/lv/real-estate/flats/ogre/sell/
